[2026-08-26T03:09:07.056Z] Starting dev server with command: pnpm run dev
[2026-08-26T03:09:09.277Z] > kisok_admin_next@1.0.0 dev /home/ubuntu/kisok_admin_next
[2026-08-26T03:09:09.277Z] > NODE_ENV=development tsx watch server/_core/index.ts
[2026-08-26T03:09:10.661Z] [OAuth] Initialized with baseURL: https://api.manus.im
[2026-08-26T03:09:10.856Z] Server running on http://localhost:3000/
[2026-08-26T03:23:24.898Z] [baseline-browser-mapping] The data in this module is over two months old.  To ensure accurate Baseline data, please update: `npm i baseline-browser-mapping@latest -D`
[2026-08-26T03:27:41.344Z] 3:27:41 AM [vite] changed tsconfig file detected: /home/ubuntu/kisok_admin_next/tsconfig.json - Clearing cache and forcing full-reload to ensure TypeScript is compiled with updated config values.
[2026-08-26T03:27:41.349Z] 3:27:41 AM [vite] (client) page reload public/.gitkeep
[2026-08-26T03:27:41.349Z] 3:27:41 AM [vite] (client) page reload public/__manus__/debug-collector.js
[2026-08-26T03:27:41.349Z] 3:27:41 AM [vite] (client) page reload index.html
[2026-08-26T03:27:41.350Z] 3:27:41 AM [vite] (client) page reload src/App.tsx
[2026-08-26T03:27:41.350Z] 3:27:41 AM [vite] (client) page reload src/const.ts
[2026-08-26T03:27:41.350Z] 3:27:41 AM [vite] (client) hmr update /src/index.css
[2026-08-26T03:27:41.350Z] 3:27:41 AM [vite] (client) page reload src/main.tsx
[2026-08-26T03:27:41.350Z] 3:27:41 AM [vite] (client) page reload src/_core/hooks/useAuth.ts
[2026-08-26T03:27:41.350Z] 3:27:41 AM [vite] (client) page reload src/contexts/ThemeContext.tsx
[2026-08-26T03:27:41.350Z] 3:27:41 AM [vite] (client) page reload src/hooks/useComposition.ts
[2026-08-26T03:27:41.351Z] 3:27:41 AM [vite] (client) page reload src/hooks/useMobile.tsx
[2026-08-26T03:27:41.351Z] 3:27:41 AM [vite] (client) page reload src/hooks/usePersistFn.ts
[2026-08-26T03:27:41.351Z] 3:27:41 AM [vite] (client) page reload src/components/AIChatBox.tsx
[2026-08-26T03:27:41.351Z] 3:27:41 AM [vite] (client) page reload src/components/DashboardLayout.tsx
[2026-08-26T03:27:41.351Z] 3:27:41 AM [vite] (client) page reload src/components/DashboardLayoutSkeleton.tsx
[2026-08-26T03:27:41.351Z] 3:27:41 AM [vite] (client) page reload src/components/ErrorBoundary.tsx
[2026-08-26T03:27:41.351Z] 3:27:41 AM [vite] (client) page reload src/components/ManusDialog.tsx
[2026-08-26T03:27:41.351Z] 3:27:41 AM [vite] (client) page reload src/components/Map.tsx
[2026-08-26T03:27:41.352Z] 3:27:41 AM [vite] (client) page reload src/components/ui/accordion.tsx
[2026-08-26T03:27:41.352Z] 3:27:41 AM [vite] (client) page reload src/components/ui/alert-dialog.tsx
[2026-08-26T03:27:41.352Z] 3:27:41 AM [vite] (client) page reload src/components/ui/alert.tsx
[2026-08-26T03:27:41.352Z] 3:27:41 AM [vite] (client) page reload src/components/ui/aspect-ratio.tsx
[2026-08-26T03:27:41.352Z] 3:27:41 AM [vite] (client) page reload src/components/ui/avatar.tsx
[2026-08-26T03:27:41.352Z] 3:27:41 AM [vite] (client) page reload src/components/ui/badge.tsx
[2026-08-26T03:27:41.352Z] 3:27:41 AM [vite] (client) page reload src/components/ui/breadcrumb.tsx
[2026-08-26T03:27:41.352Z] 3:27:41 AM [vite] (client) page reload src/components/ui/button-group.tsx
[2026-08-26T03:27:41.352Z] 3:27:41 AM [vite] (client) page reload src/components/ui/button.tsx
[2026-08-26T03:27:41.352Z] 3:27:41 AM [vite] (client) page reload src/components/ui/calendar.tsx
[2026-08-26T03:27:41.352Z] 3:27:41 AM [vite] (client) page reload src/components/ui/card.tsx
[2026-08-26T03:27:41.352Z] 3:27:41 AM [vite] (client) page reload src/components/ui/carousel.tsx
[2026-08-26T03:27:41.352Z] 3:27:41 AM [vite] (client) page reload src/components/ui/chart.tsx
[2026-08-26T03:27:41.352Z] 3:27:41 AM [vite] (client) page reload src/components/ui/checkbox.tsx
[2026-08-26T03:27:41.352Z] 3:27:41 AM [vite] (client) page reload src/components/ui/collapsible.tsx
[2026-08-26T03:27:41.352Z] 3:27:41 AM [vite] (client) page reload src/components/ui/command.tsx
[2026-08-26T03:27:41.352Z] 3:27:41 AM [vite] (client) page reload src/components/ui/context-menu.tsx
[2026-08-26T03:27:41.352Z] 3:27:41 AM [vite] (client) page reload src/components/ui/dialog.tsx
[2026-08-26T03:27:41.352Z] 3:27:41 AM [vite] (client) page reload src/components/ui/drawer.tsx
[2026-08-26T03:27:41.352Z] 3:27:41 AM [vite] (client) page reload src/components/ui/dropdown-menu.tsx
[2026-08-26T03:27:41.352Z] 3:27:41 AM [vite] (client) page reload src/components/ui/empty.tsx
[2026-08-26T03:27:41.352Z] 3:27:41 AM [vite] (client) page reload src/components/ui/field.tsx
[2026-08-26T03:27:41.352Z] 3:27:41 AM [vite] (client) page reload src/components/ui/form.tsx
[2026-08-26T03:27:41.352Z] 3:27:41 AM [vite] (client) page reload src/components/ui/hover-card.tsx
[2026-08-26T03:27:41.352Z] 3:27:41 AM [vite] (client) page reload src/components/ui/input-group.tsx
[2026-08-26T03:27:41.352Z] 3:27:41 AM [vite] (client) page reload src/components/ui/input-otp.tsx
[2026-08-26T03:27:41.352Z] 3:27:41 AM [vite] (client) page reload src/components/ui/input.tsx
[2026-08-26T03:27:41.352Z] 3:27:41 AM [vite] (client) page reload src/components/ui/item.tsx
[2026-08-26T03:27:41.352Z] 3:27:41 AM [vite] (client) page reload src/components/ui/kbd.tsx
[2026-08-26T03:27:41.352Z] 3:27:41 AM [vite] (client) page reload src/components/ui/label.tsx
[2026-08-26T03:27:41.352Z] 3:27:41 AM [vite] (client) page reload src/components/ui/menubar.tsx
[2026-08-26T03:27:41.352Z] 3:27:41 AM [vite] (client) page reload src/components/ui/navigation-menu.tsx
[2026-08-26T03:27:41.352Z] 3:27:41 AM [vite] (client) page reload src/components/ui/pagination.tsx
[2026-08-26T03:27:41.352Z] 3:27:41 AM [vite] (client) page reload src/components/ui/popover.tsx
[2026-08-26T03:27:41.352Z] 3:27:41 AM [vite] (client) page reload src/components/ui/progress.tsx
[2026-08-26T03:27:41.352Z] 3:27:41 AM [vite] (client) page reload src/components/ui/radio-group.tsx
[2026-08-26T03:27:41.352Z] 3:27:41 AM [vite] (client) page reload src/components/ui/resizable.tsx
[2026-08-26T03:27:41.352Z] 3:27:41 AM [vite] (client) page reload src/components/ui/scroll-area.tsx
[2026-08-26T03:27:41.352Z] 3:27:41 AM [vite] (client) page reload src/components/ui/select.tsx
[2026-08-26T03:27:41.352Z] 3:27:41 AM [vite] (client) page reload src/components/ui/separator.tsx
[2026-08-26T03:27:41.352Z] 3:27:41 AM [vite] (client) page reload src/components/ui/sheet.tsx
[2026-08-26T03:27:41.352Z] 3:27:41 AM [vite] (client) page reload src/components/ui/sidebar.tsx
[2026-08-26T03:27:41.352Z] 3:27:41 AM [vite] (client) page reload src/components/ui/skeleton.tsx
[2026-08-26T03:27:41.352Z] 3:27:41 AM [vite] (client) page reload src/components/ui/slider.tsx
[2026-08-26T03:27:41.352Z] 3:27:41 AM [vite] (client) page reload src/components/ui/sonner.tsx
[2026-08-26T03:27:41.352Z] 3:27:41 AM [vite] (client) page reload src/components/ui/spinner.tsx
[2026-08-26T03:27:41.352Z] 3:27:41 AM [vite] (client) page reload src/components/ui/switch.tsx
[2026-08-26T03:27:41.352Z] 3:27:41 AM [vite] (client) page reload src/components/ui/table.tsx
[2026-08-26T03:27:41.352Z] 3:27:41 AM [vite] (client) page reload src/components/ui/tabs.tsx
[2026-08-26T03:27:41.352Z] 3:27:41 AM [vite] (client) page reload src/components/ui/textarea.tsx
[2026-08-26T03:27:41.352Z] 3:27:41 AM [vite] (client) page reload src/components/ui/toggle-group.tsx
[2026-08-26T03:27:41.352Z] 3:27:41 AM [vite] (client) page reload src/components/ui/toggle.tsx
[2026-08-26T03:27:41.353Z] 3:27:41 AM [vite] (client) page reload src/components/ui/tooltip.tsx
[2026-08-26T03:27:41.353Z] 3:27:41 AM [vite] (client) page reload src/lib/trpc.ts
[2026-08-26T03:27:41.353Z] 3:27:41 AM [vite] (client) page reload src/lib/utils.ts
[2026-08-26T03:27:41.353Z] 3:27:41 AM [vite] (client) page reload src/pages/ComponentShowcase.tsx
[2026-08-26T03:27:41.353Z] 3:27:41 AM [vite] (client) page reload src/pages/Home.tsx
[2026-08-26T03:27:41.353Z] 3:27:41 AM [vite] (client) page reload src/pages/NotFound.tsx
[2026-08-26T03:27:41.474Z] 3:27:41 AM [tsx] unlink in ./vite.config.ts Restarting...
[2026-08-26T03:27:41.757Z] c
[2026-08-26T03:27:41.757Z] node:internal/modules/run_main:122
[2026-08-26T03:27:41.757Z] triggerUncaughtException(
[2026-08-26T03:27:41.757Z] ^
[2026-08-26T03:27:41.757Z] Error [ERR_MODULE_NOT_FOUND]: Cannot find module '/home/ubuntu/kisok_admin_next/server/_core/index.ts' imported from /home/ubuntu/kisok_admin_next/
[2026-08-26T03:27:41.757Z] at finalizeResolution (node:internal/modules/esm/resolve:275:11)
[2026-08-26T03:27:41.757Z] at moduleResolve (node:internal/modules/esm/resolve:932:10)
[2026-08-26T03:27:41.757Z] at defaultResolve (node:internal/modules/esm/resolve:1056:11)
[2026-08-26T03:27:41.757Z] at nextResolve (node:internal/modules/esm/hooks:748:28)
[2026-08-26T03:27:41.757Z] at resolveBase (file:///home/ubuntu/kisok_admin_next/node_modules/.pnpm/tsx@4.20.6/node_modules/tsx/dist/esm/index.mjs?1787714861636:2:3744)
[2026-08-26T03:27:41.757Z] at async resolveDirectory (file:///home/ubuntu/kisok_admin_next/node_modules/.pnpm/tsx@4.20.6/node_modules/tsx/dist/esm/index.mjs?1787714861636:2:4237)
[2026-08-26T03:27:41.757Z] at async resolve (file:///home/ubuntu/kisok_admin_next/node_modules/.pnpm/tsx@4.20.6/node_modules/tsx/dist/esm/index.mjs?1787714861636:2:5355)
[2026-08-26T03:27:41.757Z] at async nextResolve (node:internal/modules/esm/hooks:748:22)
[2026-08-26T03:27:41.757Z] at async Hooks.resolve (node:internal/modules/esm/hooks:240:24)
[2026-08-26T03:27:41.757Z] at async handleMessage (node:internal/modules/esm/worker:199:18) {
[2026-08-26T03:27:41.757Z] code: 'ERR_MODULE_NOT_FOUND',
[2026-08-26T03:27:41.757Z] url: 'file:///home/ubuntu/kisok_admin_next/server/_core/index.ts'
[2026-08-26T03:27:41.757Z] }
[2026-08-26T03:27:41.757Z] Node.js v22.13.0
[2026-08-26T03:41:16.456Z] ELIFECYCLE  Command failed.
[2026-08-26T03:41:16.479Z] Dev server exited with code -1
[2026-08-26T03:41:17.567Z] Starting dev server with command: pnpm run dev
[2026-08-26T03:41:18.565Z] WARN  Unsupported engine: wanted: {"node":">=24.0.0"} (current: {"node":"v22.13.0","pnpm":"10.4.1"})
[2026-08-26T03:41:18.568Z] > kisok-admin-next@0.1.0 dev /home/ubuntu/kisok_admin_next
[2026-08-26T03:41:18.568Z] > next dev
[2026-08-26T03:41:19.132Z] ▲ Next.js 16.3.3 (Turbopack)
[2026-08-26T03:41:19.133Z] - Local:         http://localhost:3000
[2026-08-26T03:41:19.133Z] - Network:       http://169.254.0.21:3000
[2026-08-26T03:41:19.133Z] ✓ Ready in 425ms
[2026-08-26T03:41:19.248Z] ✓ Running next.config.ts took 114ms
[2026-08-26T03:41:19.305Z] Attention: Next.js now collects completely anonymous telemetry regarding usage.
[2026-08-26T03:41:19.305Z] This information is used to shape Next.js' roadmap and prioritize features.
[2026-08-26T03:41:19.305Z] You can learn more, including how to opt-out if you'd not like to participate in this anonymous program, by visiting the following URL:
[2026-08-26T03:41:19.305Z] https://nextjs.org/telemetry
[2026-08-26T03:41:23.473Z] GET / 200 in 3.3s (next.js: 2.2s, proxy.ts: 197ms, generate-params: 437ms, application-code: 422ms)
[2026-08-26T03:41:23.607Z] ⚠ Blocked cross-origin request to Next.js dev resource /_next/static/chunks/src_0sx7sf1._.js from "127.0.0.1".
[2026-08-26T03:41:23.607Z] Cross-origin access to Next.js dev resources is blocked by default for safety.
[2026-08-26T03:41:23.607Z] To allow this host in development, add it to "allowedDevOrigins" in next.config.js and restart the dev server:
[2026-08-26T03:41:23.607Z] // next.config.js
[2026-08-26T03:41:23.607Z] module.exports = {
[2026-08-26T03:41:23.607Z] allowedDevOrigins: ['127.0.0.1'],
[2026-08-26T03:41:23.607Z] }
[2026-08-26T03:41:23.607Z] Read more: https://nextjs.org/docs/app/api-reference/config/next-config-js/allowedDevOrigins
[2026-08-26T03:41:23.608Z] ⚠ Blocked cross-origin request to Next.js dev resource /_next/static/chunks/node_modules__pnpm_181vniy._.js from "127.0.0.1".
[2026-08-26T03:41:23.608Z] Cross-origin access to Next.js dev resources is blocked by default for safety.
[2026-08-26T03:41:23.608Z] To allow this host in development, add it to "allowedDevOrigins" in next.config.js and restart the dev server:
[2026-08-26T03:41:23.608Z] // next.config.js
[2026-08-26T03:41:23.608Z] module.exports = {
[2026-08-26T03:41:23.608Z] allowedDevOrigins: ['127.0.0.1'],
[2026-08-26T03:41:23.608Z] }
[2026-08-26T03:41:23.608Z] Read more: https://nextjs.org/docs/app/api-reference/config/next-config-js/allowedDevOrigins
[2026-08-26T03:41:23.614Z] ⚠ Blocked cross-origin request to Next.js dev resource /_next/static/chunks/src_app_%5Blocale%5D_error_tsx_13h85cb._.js from "127.0.0.1".
[2026-08-26T03:41:23.614Z] Cross-origin access to Next.js dev resources is blocked by default for safety.
[2026-08-26T03:41:23.614Z] To allow this host in development, add it to "allowedDevOrigins" in next.config.js and restart the dev server:
[2026-08-26T03:41:23.614Z] // next.config.js
[2026-08-26T03:41:23.614Z] module.exports = {
[2026-08-26T03:41:23.614Z] allowedDevOrigins: ['127.0.0.1'],
[2026-08-26T03:41:23.614Z] }
[2026-08-26T03:41:23.614Z] Read more: https://nextjs.org/docs/app/api-reference/config/next-config-js/allowedDevOrigins
[2026-08-26T03:41:23.615Z] ⚠ Blocked cross-origin request to Next.js dev resource /_next/static/chunks/0q4e_next_dist_112rgwv._.js from "127.0.0.1".
[2026-08-26T03:41:23.615Z] Cross-origin access to Next.js dev resources is blocked by default for safety.
[2026-08-26T03:41:23.615Z] To allow this host in development, add it to "allowedDevOrigins" in next.config.js and restart the dev server:
[2026-08-26T03:41:23.615Z] // next.config.js
[2026-08-26T03:41:23.615Z] module.exports = {
[2026-08-26T03:41:23.615Z] allowedDevOrigins: ['127.0.0.1'],
[2026-08-26T03:41:23.615Z] }
[2026-08-26T03:41:23.615Z] Read more: https://nextjs.org/docs/app/api-reference/config/next-config-js/allowedDevOrigins
[2026-08-26T03:41:23.624Z] ⚠ Blocked cross-origin request to Next.js dev resource /_next/static/chunks/_0103mn9._.js from "127.0.0.1".
[2026-08-26T03:41:23.624Z] Cross-origin access to Next.js dev resources is blocked by default for safety.
[2026-08-26T03:41:23.624Z] To allow this host in development, add it to "allowedDevOrigins" in next.config.js and restart the dev server:
[2026-08-26T03:41:23.624Z] // next.config.js
[2026-08-26T03:41:23.624Z] module.exports = {
[2026-08-26T03:41:23.624Z] allowedDevOrigins: ['127.0.0.1'],
[2026-08-26T03:41:23.624Z] }
[2026-08-26T03:41:23.624Z] Read more: https://nextjs.org/docs/app/api-reference/config/next-config-js/allowedDevOrigins
[2026-08-26T03:41:23.625Z] ⚠ Blocked cross-origin request to Next.js dev resource /_next/static/chunks/node_modules__pnpm_01j_0ow._.js from "127.0.0.1".
[2026-08-26T03:41:23.625Z] Cross-origin access to Next.js dev resources is blocked by default for safety.
[2026-08-26T03:41:23.625Z] To allow this host in development, add it to "allowedDevOrigins" in next.config.js and restart the dev server:
[2026-08-26T03:41:23.626Z] // next.config.js
[2026-08-26T03:41:23.626Z] module.exports = {
[2026-08-26T03:41:23.626Z] allowedDevOrigins: ['127.0.0.1'],
[2026-08-26T03:41:23.626Z] }
[2026-08-26T03:41:23.626Z] Read more: https://nextjs.org/docs/app/api-reference/config/next-config-js/allowedDevOrigins
[2026-08-26T03:41:23.773Z] ⚠ Blocked cross-origin request to Next.js dev resource /_next/hmr from "127.0.0.1".
[2026-08-26T03:41:23.773Z] Cross-origin access to Next.js dev resources is blocked by default for safety.
[2026-08-26T03:41:23.773Z] To allow this host in development, add it to "allowedDevOrigins" in next.config.js and restart the dev server:
[2026-08-26T03:41:23.774Z] // next.config.js
[2026-08-26T03:41:23.774Z] module.exports = {
[2026-08-26T03:41:23.774Z] allowedDevOrigins: ['127.0.0.1'],
[2026-08-26T03:41:23.774Z] }
[2026-08-26T03:41:23.774Z] Read more: https://nextjs.org/docs/app/api-reference/config/next-config-js/allowedDevOrigins
[2026-08-26T03:43:34.007Z] ELIFECYCLE  Command failed.
[2026-08-26T03:43:34.121Z] [?25h
[2026-08-26T03:43:35.033Z] WARN  Unsupported engine: wanted: {"node":">=24.0.0"} (current: {"node":"v22.13.0","pnpm":"10.4.1"})
[2026-08-26T03:43:35.111Z] Lockfile is up to date, resolution step is skipped
[2026-08-26T03:43:35.205Z] Already up to date
[2026-08-26T03:43:35.555Z] . prepare$ husky
[2026-08-26T03:43:35.624Z] . prepare: Done
[2026-08-26T03:43:35.626Z] Done in 919ms using pnpm v10.4.1
[2026-08-26T03:43:35.667Z] Dev server exited with code -1
[2026-08-26T03:43:36.702Z] Starting dev server with command: pnpm run dev
[2026-08-26T03:43:37.638Z] WARN  Unsupported engine: wanted: {"node":">=24.0.0"} (current: {"node":"v22.13.0","pnpm":"10.4.1"})
[2026-08-26T03:43:37.641Z] > kisok-admin-next@0.1.0 dev /home/ubuntu/kisok_admin_next
[2026-08-26T03:43:37.641Z] > next dev
[2026-08-26T03:43:38.271Z] ▲ Next.js 16.3.3 (Turbopack)
[2026-08-26T03:43:38.271Z] - Local:         http://localhost:3000
[2026-08-26T03:43:38.271Z] - Network:       http://169.254.0.21:3000
[2026-08-26T03:43:38.271Z] ✓ Ready in 497ms
[2026-08-26T03:43:38.334Z] ✓ Running next.config.ts took 61ms
[2026-08-26T03:43:42.129Z] GET / 200 in 2.5s (next.js: 1352ms, proxy.ts: 305ms, generate-params: 458ms, application-code: 381ms)
[2026-08-26T03:43:42.208Z] ⚠ Blocked cross-origin request to Next.js dev resource /_next/static/chunks/src_0sx7sf1._.js from "127.0.0.1".
[2026-08-26T03:43:42.208Z] Cross-origin access to Next.js dev resources is blocked by default for safety.
[2026-08-26T03:43:42.208Z] To allow this host in development, add it to "allowedDevOrigins" in next.config.js and restart the dev server:
[2026-08-26T03:43:42.208Z] // next.config.js
[2026-08-26T03:43:42.208Z] module.exports = {
[2026-08-26T03:43:42.208Z] allowedDevOrigins: ['127.0.0.1'],
[2026-08-26T03:43:42.208Z] }
[2026-08-26T03:43:42.208Z] Read more: https://nextjs.org/docs/app/api-reference/config/next-config-js/allowedDevOrigins
[2026-08-26T03:43:42.220Z] ⚠ Blocked cross-origin request to Next.js dev resource /_next/static/chunks/node_modules__pnpm_181vniy._.js from "127.0.0.1".
[2026-08-26T03:43:42.220Z] Cross-origin access to Next.js dev resources is blocked by default for safety.
[2026-08-26T03:43:42.220Z] To allow this host in development, add it to "allowedDevOrigins" in next.config.js and restart the dev server:
[2026-08-26T03:43:42.220Z] // next.config.js
[2026-08-26T03:43:42.220Z] module.exports = {
[2026-08-26T03:43:42.220Z] allowedDevOrigins: ['127.0.0.1'],
[2026-08-26T03:43:42.221Z] }
[2026-08-26T03:43:42.221Z] Read more: https://nextjs.org/docs/app/api-reference/config/next-config-js/allowedDevOrigins
[2026-08-26T03:43:42.221Z] ⚠ Blocked cross-origin request to Next.js dev resource /_next/static/chunks/src_app_%5Blocale%5D_error_tsx_13h85cb._.js from "127.0.0.1".
[2026-08-26T03:43:42.221Z] Cross-origin access to Next.js dev resources is blocked by default for safety.
[2026-08-26T03:43:42.221Z] To allow this host in development, add it to "allowedDevOrigins" in next.config.js and restart the dev server:
[2026-08-26T03:43:42.221Z] // next.config.js
[2026-08-26T03:43:42.222Z] module.exports = {
[2026-08-26T03:43:42.222Z] allowedDevOrigins: ['127.0.0.1'],
[2026-08-26T03:43:42.222Z] }
[2026-08-26T03:43:42.222Z] Read more: https://nextjs.org/docs/app/api-reference/config/next-config-js/allowedDevOrigins
[2026-08-26T03:43:42.222Z] ⚠ Blocked cross-origin request to Next.js dev resource /_next/static/chunks/0q4e_next_dist_112rgwv._.js from "127.0.0.1".
[2026-08-26T03:43:42.222Z] Cross-origin access to Next.js dev resources is blocked by default for safety.
[2026-08-26T03:43:42.222Z] To allow this host in development, add it to "allowedDevOrigins" in next.config.js and restart the dev server:
[2026-08-26T03:43:42.222Z] // next.config.js
[2026-08-26T03:43:42.222Z] module.exports = {
[2026-08-26T03:43:42.222Z] allowedDevOrigins: ['127.0.0.1'],
[2026-08-26T03:43:42.222Z] }
[2026-08-26T03:43:42.222Z] Read more: https://nextjs.org/docs/app/api-reference/config/next-config-js/allowedDevOrigins
[2026-08-26T03:43:42.222Z] ⚠ Blocked cross-origin request to Next.js dev resource /_next/static/chunks/_0103mn9._.js from "127.0.0.1".
[2026-08-26T03:43:42.222Z] Cross-origin access to Next.js dev resources is blocked by default for safety.
[2026-08-26T03:43:42.222Z] To allow this host in development, add it to "allowedDevOrigins" in next.config.js and restart the dev server:
[2026-08-26T03:43:42.222Z] // next.config.js
[2026-08-26T03:43:42.222Z] module.exports = {
[2026-08-26T03:43:42.222Z] allowedDevOrigins: ['127.0.0.1'],
[2026-08-26T03:43:42.222Z] }
[2026-08-26T03:43:42.222Z] Read more: https://nextjs.org/docs/app/api-reference/config/next-config-js/allowedDevOrigins
[2026-08-26T03:43:42.225Z] ⚠ Blocked cross-origin request to Next.js dev resource /_next/static/chunks/node_modules__pnpm_01j_0ow._.js from "127.0.0.1".
[2026-08-26T03:43:42.226Z] Cross-origin access to Next.js dev resources is blocked by default for safety.
[2026-08-26T03:43:42.226Z] To allow this host in development, add it to "allowedDevOrigins" in next.config.js and restart the dev server:
[2026-08-26T03:43:42.226Z] // next.config.js
[2026-08-26T03:43:42.226Z] module.exports = {
[2026-08-26T03:43:42.226Z] allowedDevOrigins: ['127.0.0.1'],
[2026-08-26T03:43:42.226Z] }
[2026-08-26T03:43:42.226Z] Read more: https://nextjs.org/docs/app/api-reference/config/next-config-js/allowedDevOrigins
[2026-08-26T03:43:42.380Z] ⚠ Blocked cross-origin request to Next.js dev resource /_next/hmr from "127.0.0.1".
[2026-08-26T03:43:42.380Z] Cross-origin access to Next.js dev resources is blocked by default for safety.
[2026-08-26T03:43:42.380Z] To allow this host in development, add it to "allowedDevOrigins" in next.config.js and restart the dev server:
[2026-08-26T03:43:42.380Z] // next.config.js
[2026-08-26T03:43:42.380Z] module.exports = {
[2026-08-26T03:43:42.380Z] allowedDevOrigins: ['127.0.0.1'],
[2026-08-26T03:43:42.380Z] }
[2026-08-26T03:43:42.380Z] Read more: https://nextjs.org/docs/app/api-reference/config/next-config-js/allowedDevOrigins
[2026-08-26T03:56:45.987Z] GET / 200 in 121ms (next.js: 34ms, proxy.ts: 9ms, generate-params: 13ms, application-code: 65ms)
[2026-08-26T03:56:46.055Z] ⚠ Blocked cross-origin request to Next.js dev resource /_next/static/chunks/src_features_dashboard-operations_069arbt._.js from "127.0.0.1".
[2026-08-26T03:56:46.055Z] Cross-origin access to Next.js dev resources is blocked by default for safety.
[2026-08-26T03:56:46.055Z] To allow this host in development, add it to "allowedDevOrigins" in next.config.js and restart the dev server:
[2026-08-26T03:56:46.055Z] // next.config.js
[2026-08-26T03:56:46.055Z] module.exports = {
[2026-08-26T03:56:46.055Z] allowedDevOrigins: ['127.0.0.1'],
[2026-08-26T03:56:46.056Z] }
[2026-08-26T03:56:46.056Z] Read more: https://nextjs.org/docs/app/api-reference/config/next-config-js/allowedDevOrigins
[2026-08-26T03:57:23.885Z] GET / 200 in 79ms (next.js: 15ms, proxy.ts: 6ms, generate-params: 9ms, application-code: 49ms)
[2026-08-26T04:01:56.343Z] GET / 200 in 99ms (next.js: 26ms, proxy.ts: 5ms, generate-params: 12ms, application-code: 57ms)
[2026-08-26T04:16:22.386Z] GET / 200 in 106ms (next.js: 16ms, proxy.ts: 5ms, generate-params: 15ms, application-code: 71ms)
[2026-08-26T04:16:22.461Z] ⚠ Blocked cross-origin request to Next.js dev resource /_next/static/chunks/src_0oiaziv._.js from "127.0.0.1".
[2026-08-26T04:16:22.461Z] Cross-origin access to Next.js dev resources is blocked by default for safety.
[2026-08-26T04:16:22.461Z] To allow this host in development, add it to "allowedDevOrigins" in next.config.js and restart the dev server:
[2026-08-26T04:16:22.461Z] // next.config.js
[2026-08-26T04:16:22.461Z] module.exports = {
[2026-08-26T04:16:22.461Z] allowedDevOrigins: ['127.0.0.1'],
[2026-08-26T04:16:22.462Z] }
[2026-08-26T04:16:22.462Z] Read more: https://nextjs.org/docs/app/api-reference/config/next-config-js/allowedDevOrigins
[2026-08-26T04:16:30.522Z] GET / 200 in 63ms (next.js: 6ms, proxy.ts: 4ms, generate-params: 10ms, application-code: 43ms)
[2026-08-26T04:20:35.931Z] ELIFECYCLE  Command failed.
[2026-08-26T04:20:36.025Z] [?25h
[2026-08-26T04:20:36.029Z] Dev server exited with code -1
[2026-08-26T04:20:37.145Z] Starting dev server with command: pnpm run dev
[2026-08-26T04:20:38.154Z] WARN  Unsupported engine: wanted: {"node":">=24.0.0"} (current: {"node":"v22.13.0","pnpm":"10.4.1"})
[2026-08-26T04:20:38.159Z] > kisok-admin-next@0.1.0 dev /home/ubuntu/kisok_admin_next
[2026-08-26T04:20:38.159Z] > next dev
[2026-08-26T04:20:39.143Z] ▲ Next.js 16.3.3 (Turbopack)
[2026-08-26T04:20:39.143Z] - Local:         http://localhost:3000
[2026-08-26T04:20:39.143Z] - Network:       http://169.254.0.21:3000
[2026-08-26T04:20:39.143Z] ✓ Ready in 815ms
[2026-08-26T04:20:39.218Z] ✓ Running next.config.ts took 73ms
[2026-08-26T04:20:42.993Z] GET / 200 in 2.4s (next.js: 1269ms, proxy.ts: 226ms, generate-params: 475ms, application-code: 389ms)
[2026-08-26T04:20:43.077Z] ⚠ Blocked cross-origin request to Next.js dev resource /_next/static/chunks/src_0sx7sf1._.js from "127.0.0.1".
[2026-08-26T04:20:43.077Z] Cross-origin access to Next.js dev resources is blocked by default for safety.
[2026-08-26T04:20:43.077Z] To allow this host in development, add it to "allowedDevOrigins" in next.config.js and restart the dev server:
[2026-08-26T04:20:43.077Z] // next.config.js
[2026-08-26T04:20:43.077Z] module.exports = {
[2026-08-26T04:20:43.077Z] allowedDevOrigins: ['127.0.0.1'],
[2026-08-26T04:20:43.077Z] }
[2026-08-26T04:20:43.077Z] Read more: https://nextjs.org/docs/app/api-reference/config/next-config-js/allowedDevOrigins
[2026-08-26T04:20:43.081Z] ⚠ Blocked cross-origin request to Next.js dev resource /_next/static/chunks/src_app_%5Blocale%5D_error_tsx_13h85cb._.js from "127.0.0.1".
[2026-08-26T04:20:43.081Z] Cross-origin access to Next.js dev resources is blocked by default for safety.
[2026-08-26T04:20:43.081Z] To allow this host in development, add it to "allowedDevOrigins" in next.config.js and restart the dev server:
[2026-08-26T04:20:43.081Z] // next.config.js
[2026-08-26T04:20:43.081Z] module.exports = {
[2026-08-26T04:20:43.081Z] allowedDevOrigins: ['127.0.0.1'],
[2026-08-26T04:20:43.081Z] }
[2026-08-26T04:20:43.081Z] Read more: https://nextjs.org/docs/app/api-reference/config/next-config-js/allowedDevOrigins
[2026-08-26T04:20:43.082Z] ⚠ Blocked cross-origin request to Next.js dev resource /_next/static/chunks/node_modules__pnpm_181vniy._.js from "127.0.0.1".
[2026-08-26T04:20:43.082Z] Cross-origin access to Next.js dev resources is blocked by default for safety.
[2026-08-26T04:20:43.082Z] To allow this host in development, add it to "allowedDevOrigins" in next.config.js and restart the dev server:
[2026-08-26T04:20:43.082Z] // next.config.js
[2026-08-26T04:20:43.082Z] module.exports = {
[2026-08-26T04:20:43.082Z] allowedDevOrigins: ['127.0.0.1'],
[2026-08-26T04:20:43.082Z] }
[2026-08-26T04:20:43.083Z] Read more: https://nextjs.org/docs/app/api-reference/config/next-config-js/allowedDevOrigins
[2026-08-26T04:20:43.083Z] ⚠ Blocked cross-origin request to Next.js dev resource /_next/static/chunks/0q4e_next_dist_112rgwv._.js from "127.0.0.1".
[2026-08-26T04:20:43.083Z] Cross-origin access to Next.js dev resources is blocked by default for safety.
[2026-08-26T04:20:43.083Z] To allow this host in development, add it to "allowedDevOrigins" in next.config.js and restart the dev server:
[2026-08-26T04:20:43.083Z] // next.config.js
[2026-08-26T04:20:43.084Z] module.exports = {
[2026-08-26T04:20:43.084Z] allowedDevOrigins: ['127.0.0.1'],
[2026-08-26T04:20:43.084Z] }
[2026-08-26T04:20:43.084Z] Read more: https://nextjs.org/docs/app/api-reference/config/next-config-js/allowedDevOrigins
[2026-08-26T04:20:43.089Z] ⚠ Blocked cross-origin request to Next.js dev resource /_next/static/chunks/src_0oiaziv._.js from "127.0.0.1".
[2026-08-26T04:20:43.089Z] Cross-origin access to Next.js dev resources is blocked by default for safety.
[2026-08-26T04:20:43.089Z] To allow this host in development, add it to "allowedDevOrigins" in next.config.js and restart the dev server:
[2026-08-26T04:20:43.089Z] // next.config.js
[2026-08-26T04:20:43.089Z] module.exports = {
[2026-08-26T04:20:43.089Z] allowedDevOrigins: ['127.0.0.1'],
[2026-08-26T04:20:43.089Z] }
[2026-08-26T04:20:43.090Z] Read more: https://nextjs.org/docs/app/api-reference/config/next-config-js/allowedDevOrigins
[2026-08-26T04:20:43.090Z] ⚠ Blocked cross-origin request to Next.js dev resource /_next/static/chunks/node_modules__pnpm_01j_0ow._.js from "127.0.0.1".
[2026-08-26T04:20:43.091Z] Cross-origin access to Next.js dev resources is blocked by default for safety.
[2026-08-26T04:20:43.091Z] To allow this host in development, add it to "allowedDevOrigins" in next.config.js and restart the dev server:
[2026-08-26T04:20:43.091Z] // next.config.js
[2026-08-26T04:20:43.091Z] module.exports = {
[2026-08-26T04:20:43.091Z] allowedDevOrigins: ['127.0.0.1'],
[2026-08-26T04:20:43.091Z] }
[2026-08-26T04:20:43.091Z] Read more: https://nextjs.org/docs/app/api-reference/config/next-config-js/allowedDevOrigins
[2026-08-26T04:20:43.236Z] ⚠ Blocked cross-origin request to Next.js dev resource /_next/hmr from "127.0.0.1".
[2026-08-26T04:20:43.236Z] Cross-origin access to Next.js dev resources is blocked by default for safety.
[2026-08-26T04:20:43.236Z] To allow this host in development, add it to "allowedDevOrigins" in next.config.js and restart the dev server:
[2026-08-26T04:20:43.236Z] // next.config.js
[2026-08-26T04:20:43.236Z] module.exports = {
[2026-08-26T04:20:43.236Z] allowedDevOrigins: ['127.0.0.1'],
[2026-08-26T04:20:43.236Z] }
[2026-08-26T04:20:43.236Z] Read more: https://nextjs.org/docs/app/api-reference/config/next-config-js/allowedDevOrigins
[2026-08-26T04:24:47.384Z] GET / 200 in 163ms (next.js: 28ms, proxy.ts: 7ms, generate-params: 14ms, application-code: 114ms)
[2026-08-26T04:24:47.456Z] ⚠ Blocked cross-origin request to Next.js dev resource /_next/static/chunks/src_1d6vo-d._.js from "127.0.0.1".
[2026-08-26T04:24:47.456Z] Cross-origin access to Next.js dev resources is blocked by default for safety.
[2026-08-26T04:24:47.456Z] To allow this host in development, add it to "allowedDevOrigins" in next.config.js and restart the dev server:
[2026-08-26T04:24:47.456Z] // next.config.js
[2026-08-26T04:24:47.456Z] module.exports = {
[2026-08-26T04:24:47.456Z] allowedDevOrigins: ['127.0.0.1'],
[2026-08-26T04:24:47.456Z] }
[2026-08-26T04:24:47.456Z] Read more: https://nextjs.org/docs/app/api-reference/config/next-config-js/allowedDevOrigins
[2026-08-26T04:24:47.456Z] ⚠ Blocked cross-origin request to Next.js dev resource /_next/static/chunks/node_modules__pnpm_1-x1-t8._.js from "127.0.0.1".
[2026-08-26T04:24:47.456Z] Cross-origin access to Next.js dev resources is blocked by default for safety.
[2026-08-26T04:24:47.456Z] To allow this host in development, add it to "allowedDevOrigins" in next.config.js and restart the dev server:
[2026-08-26T04:24:47.456Z] // next.config.js
[2026-08-26T04:24:47.456Z] module.exports = {
[2026-08-26T04:24:47.456Z] allowedDevOrigins: ['127.0.0.1'],
[2026-08-26T04:24:47.456Z] }
[2026-08-26T04:24:47.456Z] Read more: https://nextjs.org/docs/app/api-reference/config/next-config-js/allowedDevOrigins
[2026-08-26T04:24:55.386Z] GET / 200 in 74ms (next.js: 9ms, proxy.ts: 5ms, generate-params: 10ms, application-code: 50ms)
[2026-08-26T04:27:00.162Z] GET / 200 in 81ms (next.js: 11ms, proxy.ts: 7ms, generate-params: 10ms, application-code: 52ms)
[2026-08-26T04:28:09.422Z] GET /?from_webdev=1 200 in 104ms (next.js: 22ms, proxy.ts: 9ms, generate-params: 19ms, application-code: 54ms)
[2026-08-26T04:28:09.748Z] ⚠ Blocked cross-origin request to Next.js dev resource /_next/static/chunks/src_app_%5Blocale%5D_error_tsx_13h85cb._.js from "3000-inw0huaebtiwqn6qz4286-c80963d5.us4.manus.computer".
[2026-08-26T04:28:09.748Z] Cross-origin access to Next.js dev resources is blocked by default for safety.
[2026-08-26T04:28:09.748Z] To allow this host in development, add it to "allowedDevOrigins" in next.config.js and restart the dev server:
[2026-08-26T04:28:09.748Z] // next.config.js
[2026-08-26T04:28:09.748Z] module.exports = {
[2026-08-26T04:28:09.748Z] allowedDevOrigins: ['3000-inw0huaebtiwqn6qz4286-c80963d5.us4.manus.computer'],
[2026-08-26T04:28:09.748Z] }
[2026-08-26T04:28:09.748Z] Read more: https://nextjs.org/docs/app/api-reference/config/next-config-js/allowedDevOrigins
[2026-08-26T04:28:09.750Z] ⚠ Blocked cross-origin request to Next.js dev resource /_next/static/chunks/src_0sx7sf1._.js from "3000-inw0huaebtiwqn6qz4286-c80963d5.us4.manus.computer".
[2026-08-26T04:28:09.750Z] Cross-origin access to Next.js dev resources is blocked by default for safety.
[2026-08-26T04:28:09.750Z] To allow this host in development, add it to "allowedDevOrigins" in next.config.js and restart the dev server:
[2026-08-26T04:28:09.750Z] // next.config.js
[2026-08-26T04:28:09.750Z] module.exports = {
[2026-08-26T04:28:09.750Z] allowedDevOrigins: ['3000-inw0huaebtiwqn6qz4286-c80963d5.us4.manus.computer'],
[2026-08-26T04:28:09.750Z] }
[2026-08-26T04:28:09.750Z] Read more: https://nextjs.org/docs/app/api-reference/config/next-config-js/allowedDevOrigins
[2026-08-26T04:28:09.752Z] ⚠ Blocked cross-origin request to Next.js dev resource /_next/static/chunks/0q4e_next_dist_112rgwv._.js from "3000-inw0huaebtiwqn6qz4286-c80963d5.us4.manus.computer".
[2026-08-26T04:28:09.752Z] Cross-origin access to Next.js dev resources is blocked by default for safety.
[2026-08-26T04:28:09.752Z] To allow this host in development, add it to "allowedDevOrigins" in next.config.js and restart the dev server:
[2026-08-26T04:28:09.752Z] // next.config.js
[2026-08-26T04:28:09.752Z] module.exports = {
[2026-08-26T04:28:09.752Z] allowedDevOrigins: ['3000-inw0huaebtiwqn6qz4286-c80963d5.us4.manus.computer'],
[2026-08-26T04:28:09.752Z] }
[2026-08-26T04:28:09.752Z] Read more: https://nextjs.org/docs/app/api-reference/config/next-config-js/allowedDevOrigins
[2026-08-26T04:28:09.756Z] ⚠ Blocked cross-origin request to Next.js dev resource /_next/static/chunks/node_modules__pnpm_1-x1-t8._.js from "3000-inw0huaebtiwqn6qz4286-c80963d5.us4.manus.computer".
[2026-08-26T04:28:09.756Z] Cross-origin access to Next.js dev resources is blocked by default for safety.
[2026-08-26T04:28:09.756Z] To allow this host in development, add it to "allowedDevOrigins" in next.config.js and restart the dev server:
[2026-08-26T04:28:09.756Z] // next.config.js
[2026-08-26T04:28:09.756Z] module.exports = {
[2026-08-26T04:28:09.756Z] allowedDevOrigins: ['3000-inw0huaebtiwqn6qz4286-c80963d5.us4.manus.computer'],
[2026-08-26T04:28:09.756Z] }
[2026-08-26T04:28:09.756Z] Read more: https://nextjs.org/docs/app/api-reference/config/next-config-js/allowedDevOrigins
[2026-08-26T04:28:09.757Z] ⚠ Blocked cross-origin request to Next.js dev resource /_next/static/chunks/src_1d6vo-d._.js from "3000-inw0huaebtiwqn6qz4286-c80963d5.us4.manus.computer".
[2026-08-26T04:28:09.757Z] Cross-origin access to Next.js dev resources is blocked by default for safety.
[2026-08-26T04:28:09.757Z] To allow this host in development, add it to "allowedDevOrigins" in next.config.js and restart the dev server:
[2026-08-26T04:28:09.757Z] // next.config.js
[2026-08-26T04:28:09.757Z] module.exports = {
[2026-08-26T04:28:09.757Z] allowedDevOrigins: ['3000-inw0huaebtiwqn6qz4286-c80963d5.us4.manus.computer'],
[2026-08-26T04:28:09.757Z] }
[2026-08-26T04:28:09.757Z] Read more: https://nextjs.org/docs/app/api-reference/config/next-config-js/allowedDevOrigins
[2026-08-26T04:28:09.759Z] ⚠ Blocked cross-origin request to Next.js dev resource /_next/static/chunks/node_modules__pnpm_181vniy._.js from "3000-inw0huaebtiwqn6qz4286-c80963d5.us4.manus.computer".
[2026-08-26T04:28:09.759Z] Cross-origin access to Next.js dev resources is blocked by default for safety.
[2026-08-26T04:28:09.759Z] To allow this host in development, add it to "allowedDevOrigins" in next.config.js and restart the dev server:
[2026-08-26T04:28:09.759Z] // next.config.js
[2026-08-26T04:28:09.759Z] module.exports = {
[2026-08-26T04:28:09.760Z] allowedDevOrigins: ['3000-inw0huaebtiwqn6qz4286-c80963d5.us4.manus.computer'],
[2026-08-26T04:28:09.760Z] }
[2026-08-26T04:28:09.760Z] Read more: https://nextjs.org/docs/app/api-reference/config/next-config-js/allowedDevOrigins
[2026-08-26T04:28:09.760Z] ⚠ Blocked cross-origin request to Next.js dev resource /_next/static/chunks/node_modules__pnpm_01j_0ow._.js from "3000-inw0huaebtiwqn6qz4286-c80963d5.us4.manus.computer".
[2026-08-26T04:28:09.761Z] Cross-origin access to Next.js dev resources is blocked by default for safety.
[2026-08-26T04:28:09.761Z] To allow this host in development, add it to "allowedDevOrigins" in next.config.js and restart the dev server:
[2026-08-26T04:28:09.761Z] // next.config.js
[2026-08-26T04:28:09.761Z] module.exports = {
[2026-08-26T04:28:09.761Z] allowedDevOrigins: ['3000-inw0huaebtiwqn6qz4286-c80963d5.us4.manus.computer'],
[2026-08-26T04:28:09.761Z] }
[2026-08-26T04:28:09.761Z] Read more: https://nextjs.org/docs/app/api-reference/config/next-config-js/allowedDevOrigins
[2026-08-26T04:28:11.476Z] GET /?from_webdev=1 200 in 81ms (next.js: 8ms, proxy.ts: 6ms, generate-params: 10ms, application-code: 57ms)
[2026-08-26T04:28:12.032Z] ⚠ Blocked cross-origin request to Next.js dev resource /_next/hmr from "3000-inw0huaebtiwqn6qz4286-c80963d5.us4.manus.computer".
[2026-08-26T04:28:12.032Z] Cross-origin access to Next.js dev resources is blocked by default for safety.
[2026-08-26T04:28:12.032Z] To allow this host in development, add it to "allowedDevOrigins" in next.config.js and restart the dev server:
[2026-08-26T04:28:12.032Z] // next.config.js
[2026-08-26T04:28:12.032Z] module.exports = {
[2026-08-26T04:28:12.032Z] allowedDevOrigins: ['3000-inw0huaebtiwqn6qz4286-c80963d5.us4.manus.computer'],
[2026-08-26T04:28:12.032Z] }
[2026-08-26T04:28:12.032Z] Read more: https://nextjs.org/docs/app/api-reference/config/next-config-js/allowedDevOrigins
[2026-08-26T04:28:13.079Z] HEAD / 200 in 63ms (next.js: 6ms, proxy.ts: 6ms, generate-params: 10ms, application-code: 41ms)
[2026-08-26T04:28:13.762Z] GET /?from_webdev=1 200 in 72ms (next.js: 5ms, proxy.ts: 4ms, generate-params: 9ms, application-code: 54ms)
[2026-08-26T04:28:14.414Z] GET /?from_webdev=1 200 in 70ms (next.js: 6ms, proxy.ts: 4ms, generate-params: 9ms, application-code: 50ms)
[2026-08-26T04:28:15.697Z] GET /?from_webdev=1 200 in 65ms (next.js: 5ms, proxy.ts: 4ms, generate-params: 10ms, application-code: 46ms)
[2026-08-26T04:28:16.344Z] GET /?from_webdev=1 200 in 59ms (next.js: 5ms, proxy.ts: 4ms, generate-params: 9ms, application-code: 42ms)
[2026-08-26T04:31:58.262Z] ⨯ ./src/features/store-settings/components/StoreSettingsPanel.tsx:15:1
[2026-08-26T04:31:58.262Z] Error: Module not found: Can't resolve '../data/local-store-settings'
[2026-08-26T04:31:58.263Z] [90m13 |[0m } [36mfrom[0m [32m'@/components/kisok-ui'[0m;
[2026-08-26T04:31:58.263Z] [90m14 |[0m
[2026-08-26T04:31:58.263Z] [31m[1m>[0m [90m15 |[0m [36mimport[0m { localStoreSettingsContract } [36mfrom[0m [32m'../data/local-store-settings'[0m;
[2026-08-26T04:31:58.263Z] [90m   |[0m [31m[1m^^^^^^^^^^^^^^^^^^^^^^^^^^^^^^^^^^^^^^^^^^^^^^^^^^^^^^^^^^^^^^^^^^^^^^^^^^[0m
[2026-08-26T04:31:58.263Z] [90m16 |[0m
[2026-08-26T04:31:58.263Z] [90m17 |[0m [36mexport[0m [36mfunction[0m [33mStoreSettingsPanel[0m({ onAction }: { onAction: (message: string) => [36mvoid[0m }) {
[2026-08-26T04:31:58.263Z] [90m18 |[0m   [36mconst[0m [editOpen, setEditOpen] = useState([36mfalse[0m);
[2026-08-26T04:31:58.263Z] Import traces:
[2026-08-26T04:31:58.263Z] Client Component Browser:
[2026-08-26T04:31:58.263Z] ./src/features/store-settings/components/StoreSettingsPanel.tsx [Client Component Browser]
[2026-08-26T04:31:58.263Z] ./src/features/dashboard-operations/components/KisokAdminConsole.tsx [Client Component Browser]
[2026-08-26T04:31:58.263Z] ./src/features/dashboard-operations/components/KisokAdminConsole.tsx [Server Component]
[2026-08-26T04:31:58.263Z] ./src/app/[locale]/page.tsx [Server Component]
[2026-08-26T04:31:58.263Z] Client Component SSR:
[2026-08-26T04:31:58.263Z] ./src/features/store-settings/components/StoreSettingsPanel.tsx [Client Component SSR]
[2026-08-26T04:31:58.263Z] ./src/features/dashboard-operations/components/KisokAdminConsole.tsx [Client Component SSR]
[2026-08-26T04:31:58.263Z] ./src/features/dashboard-operations/components/KisokAdminConsole.tsx [Server Component]
[2026-08-26T04:31:58.263Z] ./src/app/[locale]/page.tsx [Server Component]
[2026-08-26T04:31:58.263Z] https://nextjs.org/docs/messages/module-not-found
[2026-08-26T04:31:58.264Z] ⨯ ./src/features/store-settings/components/StoreSettingsPanel.tsx:15:1
[2026-08-26T04:31:58.264Z] Error: Module not found: Can't resolve '../data/local-store-settings'
[2026-08-26T04:31:58.264Z] [90m13 |[0m } [36mfrom[0m [32m'@/components/kisok-ui'[0m;
[2026-08-26T04:31:58.264Z] [90m14 |[0m
[2026-08-26T04:31:58.264Z] [31m[1m>[0m [90m15 |[0m [36mimport[0m { localStoreSettingsContract } [36mfrom[0m [32m'../data/local-store-settings'[0m;
[2026-08-26T04:31:58.264Z] [90m   |[0m [31m[1m^^^^^^^^^^^^^^^^^^^^^^^^^^^^^^^^^^^^^^^^^^^^^^^^^^^^^^^^^^^^^^^^^^^^^^^^^^[0m
[2026-08-26T04:31:58.264Z] [90m16 |[0m
[2026-08-26T04:31:58.264Z] [90m17 |[0m [36mexport[0m [36mfunction[0m [33mStoreSettingsPanel[0m({ onAction }: { onAction: (message: string) => [36mvoid[0m }) {
[2026-08-26T04:31:58.264Z] [90m18 |[0m   [36mconst[0m [editOpen, setEditOpen] = useState([36mfalse[0m);
[2026-08-26T04:31:58.264Z] Import traces:
[2026-08-26T04:31:58.264Z] Client Component Browser:
[2026-08-26T04:31:58.264Z] ./src/features/store-settings/components/StoreSettingsPanel.tsx [Client Component Browser]
[2026-08-26T04:31:58.264Z] ./src/features/dashboard-operations/components/KisokAdminConsole.tsx [Client Component Browser]
[2026-08-26T04:31:58.264Z] ./src/features/dashboard-operations/components/KisokAdminConsole.tsx [Server Component]
[2026-08-26T04:31:58.264Z] ./src/app/[locale]/page.tsx [Server Component]
[2026-08-26T04:31:58.264Z] Client Component SSR:
[2026-08-26T04:31:58.264Z] ./src/features/store-settings/components/StoreSettingsPanel.tsx [Client Component SSR]
[2026-08-26T04:31:58.264Z] ./src/features/dashboard-operations/components/KisokAdminConsole.tsx [Client Component SSR]
[2026-08-26T04:31:58.264Z] ./src/features/dashboard-operations/components/KisokAdminConsole.tsx [Server Component]
[2026-08-26T04:31:58.264Z] ./src/app/[locale]/page.tsx [Server Component]
[2026-08-26T04:31:58.264Z] https://nextjs.org/docs/messages/module-not-found
[2026-08-26T04:31:58.264Z] ⨯ ./src/features/store-settings/components/StoreSettingsPanel.tsx:15:1
[2026-08-26T04:31:58.264Z] Error: Module not found: Can't resolve '../data/local-store-settings'
[2026-08-26T04:31:58.264Z] [90m13 |[0m } [36mfrom[0m [32m'@/components/kisok-ui'[0m;
[2026-08-26T04:31:58.265Z] [90m14 |[0m
[2026-08-26T04:31:58.265Z] [31m[1m>[0m [90m15 |[0m [36mimport[0m { localStoreSettingsContract } [36mfrom[0m [32m'../data/local-store-settings'[0m;
[2026-08-26T04:31:58.265Z] [90m   |[0m [31m[1m^^^^^^^^^^^^^^^^^^^^^^^^^^^^^^^^^^^^^^^^^^^^^^^^^^^^^^^^^^^^^^^^^^^^^^^^^^[0m
[2026-08-26T04:31:58.265Z] [90m16 |[0m
[2026-08-26T04:31:58.265Z] [90m17 |[0m [36mexport[0m [36mfunction[0m [33mStoreSettingsPanel[0m({ onAction }: { onAction: (message: string) => [36mvoid[0m }) {
[2026-08-26T04:31:58.265Z] [90m18 |[0m   [36mconst[0m [editOpen, setEditOpen] = useState([36mfalse[0m);
[2026-08-26T04:31:58.265Z] Import traces:
[2026-08-26T04:31:58.265Z] Client Component Browser:
[2026-08-26T04:31:58.265Z] ./src/features/store-settings/components/StoreSettingsPanel.tsx [Client Component Browser]
[2026-08-26T04:31:58.265Z] ./src/features/dashboard-operations/components/KisokAdminConsole.tsx [Client Component Browser]
[2026-08-26T04:31:58.265Z] ./src/features/dashboard-operations/components/KisokAdminConsole.tsx [Server Component]
[2026-08-26T04:31:58.265Z] ./src/app/[locale]/page.tsx [Server Component]
[2026-08-26T04:31:58.265Z] Client Component SSR:
[2026-08-26T04:31:58.265Z] ./src/features/store-settings/components/StoreSettingsPanel.tsx [Client Component SSR]
[2026-08-26T04:31:58.265Z] ./src/features/dashboard-operations/components/KisokAdminConsole.tsx [Client Component SSR]
[2026-08-26T04:31:58.265Z] ./src/features/dashboard-operations/components/KisokAdminConsole.tsx [Server Component]
[2026-08-26T04:31:58.265Z] ./src/app/[locale]/page.tsx [Server Component]
[2026-08-26T04:31:58.265Z] https://nextjs.org/docs/messages/module-not-found
[2026-08-26T04:31:58.265Z] ⨯ ./src/features/store-settings/components/StoreSettingsPanel.tsx:15:1
[2026-08-26T04:31:58.265Z] Error: Module not found: Can't resolve '../data/local-store-settings'
[2026-08-26T04:31:58.265Z] [90m13 |[0m } [36mfrom[0m [32m'@/components/kisok-ui'[0m;
[2026-08-26T04:31:58.265Z] [90m14 |[0m
[2026-08-26T04:31:58.265Z] [31m[1m>[0m [90m15 |[0m [36mimport[0m { localStoreSettingsContract } [36mfrom[0m [32m'../data/local-store-settings'[0m;
[2026-08-26T04:31:58.265Z] [90m   |[0m [31m[1m^^^^^^^^^^^^^^^^^^^^^^^^^^^^^^^^^^^^^^^^^^^^^^^^^^^^^^^^^^^^^^^^^^^^^^^^^^[0m
[2026-08-26T04:31:58.265Z] [90m16 |[0m
[2026-08-26T04:31:58.265Z] [90m17 |[0m [36mexport[0m [36mfunction[0m [33mStoreSettingsPanel[0m({ onAction }: { onAction: (message: string) => [36mvoid[0m }) {
[2026-08-26T04:31:58.265Z] [90m18 |[0m   [36mconst[0m [editOpen, setEditOpen] = useState([36mfalse[0m);
[2026-08-26T04:31:58.265Z] Import traces:
[2026-08-26T04:31:58.265Z] Client Component Browser:
[2026-08-26T04:31:58.265Z] ./src/features/store-settings/components/StoreSettingsPanel.tsx [Client Component Browser]
[2026-08-26T04:31:58.265Z] ./src/features/dashboard-operations/components/KisokAdminConsole.tsx [Client Component Browser]
[2026-08-26T04:31:58.265Z] ./src/features/dashboard-operations/components/KisokAdminConsole.tsx [Server Component]
[2026-08-26T04:31:58.265Z] ./src/app/[locale]/page.tsx [Server Component]
[2026-08-26T04:31:58.265Z] Client Component SSR:
[2026-08-26T04:31:58.265Z] ./src/features/store-settings/components/StoreSettingsPanel.tsx [Client Component SSR]
[2026-08-26T04:31:58.265Z] ./src/features/dashboard-operations/components/KisokAdminConsole.tsx [Client Component SSR]
[2026-08-26T04:31:58.265Z] ./src/features/dashboard-operations/components/KisokAdminConsole.tsx [Server Component]
[2026-08-26T04:31:58.265Z] ./src/app/[locale]/page.tsx [Server Component]
[2026-08-26T04:31:58.265Z] https://nextjs.org/docs/messages/module-not-found
[2026-08-26T04:34:38.111Z] ⨯ ./src/features/admin-users/components/AdminUsersPanel.tsx:6:1
[2026-08-26T04:34:38.111Z] Error: Module not found: Can't resolve '../data/local-admin-users'
[2026-08-26T04:34:38.111Z] [90m4 |[0m [36mimport[0m { [33mKisokButton[0m } [36mfrom[0m [32m'@/components/kisok-ui'[0m;
[2026-08-26T04:34:38.111Z] [90m5 |[0m
[2026-08-26T04:34:38.111Z] [31m[1m>[0m [90m6 |[0m [36mimport[0m { localAdminUsersContract } [36mfrom[0m [32m'../data/local-admin-users'[0m;
[2026-08-26T04:34:38.111Z] [90m  |[0m [31m[1m^^^^^^^^^^^^^^^^^^^^^^^^^^^^^^^^^^^^^^^^^^^^^^^^^^^^^^^^^^^^^^^^^^^^[0m
[2026-08-26T04:34:38.111Z] [90m7 |[0m
[2026-08-26T04:34:38.111Z] [90m8 |[0m [36mexport[0m [36mfunction[0m [33mAdminUsersPanel[0m({ onAction }: { onAction: (message: string) => [36mvoid[0m }) {
[2026-08-26T04:34:38.111Z] [90m9 |[0m   [36mconst[0m localUsers = localAdminUsersContract.list();
[2026-08-26T04:34:38.111Z] Import traces:
[2026-08-26T04:34:38.111Z] Client Component Browser:
[2026-08-26T04:34:38.111Z] ./src/features/admin-users/components/AdminUsersPanel.tsx [Client Component Browser]
[2026-08-26T04:34:38.111Z] ./src/features/dashboard-operations/components/KisokAdminConsole.tsx [Client Component Browser]
[2026-08-26T04:34:38.111Z] ./src/features/dashboard-operations/components/KisokAdminConsole.tsx [Server Component]
[2026-08-26T04:34:38.111Z] ./src/app/[locale]/page.tsx [Server Component]
[2026-08-26T04:34:38.111Z] Client Component SSR:
[2026-08-26T04:34:38.111Z] ./src/features/admin-users/components/AdminUsersPanel.tsx [Client Component SSR]
[2026-08-26T04:34:38.112Z] ./src/features/dashboard-operations/components/KisokAdminConsole.tsx [Client Component SSR]
[2026-08-26T04:34:38.112Z] ./src/features/dashboard-operations/components/KisokAdminConsole.tsx [Server Component]
[2026-08-26T04:34:38.112Z] ./src/app/[locale]/page.tsx [Server Component]
[2026-08-26T04:34:38.112Z] https://nextjs.org/docs/messages/module-not-found
[2026-08-26T04:34:38.118Z] ⨯ ./src/features/admin-users/components/AdminUsersPanel.tsx:6:1
[2026-08-26T04:34:38.118Z] Error: Module not found: Can't resolve '../data/local-admin-users'
[2026-08-26T04:34:38.118Z] [90m4 |[0m [36mimport[0m { [33mKisokButton[0m } [36mfrom[0m [32m'@/components/kisok-ui'[0m;
[2026-08-26T04:34:38.118Z] [90m5 |[0m
[2026-08-26T04:34:38.118Z] [31m[1m>[0m [90m6 |[0m [36mimport[0m { localAdminUsersContract } [36mfrom[0m [32m'../data/local-admin-users'[0m;
[2026-08-26T04:34:38.118Z] [90m  |[0m [31m[1m^^^^^^^^^^^^^^^^^^^^^^^^^^^^^^^^^^^^^^^^^^^^^^^^^^^^^^^^^^^^^^^^^^^^[0m
[2026-08-26T04:34:38.118Z] [90m7 |[0m
[2026-08-26T04:34:38.118Z] [90m8 |[0m [36mexport[0m [36mfunction[0m [33mAdminUsersPanel[0m({ onAction }: { onAction: (message: string) => [36mvoid[0m }) {
[2026-08-26T04:34:38.118Z] [90m9 |[0m   [36mconst[0m localUsers = localAdminUsersContract.list();
[2026-08-26T04:34:38.118Z] Import traces:
[2026-08-26T04:34:38.118Z] Client Component Browser:
[2026-08-26T04:34:38.118Z] ./src/features/admin-users/components/AdminUsersPanel.tsx [Client Component Browser]
[2026-08-26T04:34:38.118Z] ./src/features/dashboard-operations/components/KisokAdminConsole.tsx [Client Component Browser]
[2026-08-26T04:34:38.118Z] ./src/features/dashboard-operations/components/KisokAdminConsole.tsx [Server Component]
[2026-08-26T04:34:38.118Z] ./src/app/[locale]/page.tsx [Server Component]
[2026-08-26T04:34:38.118Z] Client Component SSR:
[2026-08-26T04:34:38.118Z] ./src/features/admin-users/components/AdminUsersPanel.tsx [Client Component SSR]
[2026-08-26T04:34:38.118Z] ./src/features/dashboard-operations/components/KisokAdminConsole.tsx [Client Component SSR]
[2026-08-26T04:34:38.118Z] ./src/features/dashboard-operations/components/KisokAdminConsole.tsx [Server Component]
[2026-08-26T04:34:38.118Z] ./src/app/[locale]/page.tsx [Server Component]
[2026-08-26T04:34:38.118Z] https://nextjs.org/docs/messages/module-not-found
[2026-08-26T04:34:38.118Z] ⨯ ./src/features/admin-users/components/AdminUsersPanel.tsx:6:1
[2026-08-26T04:34:38.118Z] Error: Module not found: Can't resolve '../data/local-admin-users'
[2026-08-26T04:34:38.118Z] [90m4 |[0m [36mimport[0m { [33mKisokButton[0m } [36mfrom[0m [32m'@/components/kisok-ui'[0m;
[2026-08-26T04:34:38.118Z] [90m5 |[0m
[2026-08-26T04:34:38.118Z] [31m[1m>[0m [90m6 |[0m [36mimport[0m { localAdminUsersContract } [36mfrom[0m [32m'../data/local-admin-users'[0m;
[2026-08-26T04:34:38.118Z] [90m  |[0m [31m[1m^^^^^^^^^^^^^^^^^^^^^^^^^^^^^^^^^^^^^^^^^^^^^^^^^^^^^^^^^^^^^^^^^^^^[0m
[2026-08-26T04:34:38.119Z] [90m7 |[0m
[2026-08-26T04:34:38.119Z] [90m8 |[0m [36mexport[0m [36mfunction[0m [33mAdminUsersPanel[0m({ onAction }: { onAction: (message: string) => [36mvoid[0m }) {
[2026-08-26T04:34:38.119Z] [90m9 |[0m   [36mconst[0m localUsers = localAdminUsersContract.list();
[2026-08-26T04:34:38.119Z] Import traces:
[2026-08-26T04:34:38.119Z] Client Component Browser:
[2026-08-26T04:34:38.119Z] ./src/features/admin-users/components/AdminUsersPanel.tsx [Client Component Browser]
[2026-08-26T04:34:38.119Z] ./src/features/dashboard-operations/components/KisokAdminConsole.tsx [Client Component Browser]
[2026-08-26T04:34:38.119Z] ./src/features/dashboard-operations/components/KisokAdminConsole.tsx [Server Component]
[2026-08-26T04:34:38.119Z] ./src/app/[locale]/page.tsx [Server Component]
[2026-08-26T04:34:38.119Z] Client Component SSR:
[2026-08-26T04:34:38.119Z] ./src/features/admin-users/components/AdminUsersPanel.tsx [Client Component SSR]
[2026-08-26T04:34:38.119Z] ./src/features/dashboard-operations/components/KisokAdminConsole.tsx [Client Component SSR]
[2026-08-26T04:34:38.119Z] ./src/features/dashboard-operations/components/KisokAdminConsole.tsx [Server Component]
[2026-08-26T04:34:38.119Z] ./src/app/[locale]/page.tsx [Server Component]
[2026-08-26T04:34:38.119Z] https://nextjs.org/docs/messages/module-not-found
[2026-08-26T04:34:38.119Z] ⨯ ./src/features/admin-users/components/AdminUsersPanel.tsx:6:1
[2026-08-26T04:34:38.119Z] Error: Module not found: Can't resolve '../data/local-admin-users'
[2026-08-26T04:34:38.119Z] [90m4 |[0m [36mimport[0m { [33mKisokButton[0m } [36mfrom[0m [32m'@/components/kisok-ui'[0m;
[2026-08-26T04:34:38.119Z] [90m5 |[0m
[2026-08-26T04:34:38.119Z] [31m[1m>[0m [90m6 |[0m [36mimport[0m { localAdminUsersContract } [36mfrom[0m [32m'../data/local-admin-users'[0m;
[2026-08-26T04:34:38.119Z] [90m  |[0m [31m[1m^^^^^^^^^^^^^^^^^^^^^^^^^^^^^^^^^^^^^^^^^^^^^^^^^^^^^^^^^^^^^^^^^^^^[0m
[2026-08-26T04:34:38.119Z] [90m7 |[0m
[2026-08-26T04:34:38.119Z] [90m8 |[0m [36mexport[0m [36mfunction[0m [33mAdminUsersPanel[0m({ onAction }: { onAction: (message: string) => [36mvoid[0m }) {
[2026-08-26T04:34:38.119Z] [90m9 |[0m   [36mconst[0m localUsers = localAdminUsersContract.list();
[2026-08-26T04:34:38.119Z] Import traces:
[2026-08-26T04:34:38.119Z] Client Component Browser:
[2026-08-26T04:34:38.119Z] ./src/features/admin-users/components/AdminUsersPanel.tsx [Client Component Browser]
[2026-08-26T04:34:38.119Z] ./src/features/dashboard-operations/components/KisokAdminConsole.tsx [Client Component Browser]
[2026-08-26T04:34:38.119Z] ./src/features/dashboard-operations/components/KisokAdminConsole.tsx [Server Component]
[2026-08-26T04:34:38.119Z] ./src/app/[locale]/page.tsx [Server Component]
[2026-08-26T04:34:38.119Z] Client Component SSR:
[2026-08-26T04:34:38.119Z] ./src/features/admin-users/components/AdminUsersPanel.tsx [Client Component SSR]
[2026-08-26T04:34:38.119Z] ./src/features/dashboard-operations/components/KisokAdminConsole.tsx [Client Component SSR]
[2026-08-26T04:34:38.119Z] ./src/features/dashboard-operations/components/KisokAdminConsole.tsx [Server Component]
[2026-08-26T04:34:38.119Z] ./src/app/[locale]/page.tsx [Server Component]
[2026-08-26T04:34:38.119Z] https://nextjs.org/docs/messages/module-not-found
[2026-08-26T04:41:09.103Z] GET / 200 in 108ms (next.js: 23ms, proxy.ts: 4ms, generate-params: 14ms, application-code: 68ms)
[2026-08-26T04:41:09.179Z] ⚠ Blocked cross-origin request to Next.js dev resource /_next/static/chunks/src_09ij6zr._.js from "127.0.0.1".
[2026-08-26T04:41:09.179Z] Cross-origin access to Next.js dev resources is blocked by default for safety.
[2026-08-26T04:41:09.179Z] To allow this host in development, add it to "allowedDevOrigins" in next.config.js and restart the dev server:
[2026-08-26T04:41:09.179Z] // next.config.js
[2026-08-26T04:41:09.179Z] module.exports = {
[2026-08-26T04:41:09.179Z] allowedDevOrigins: ['127.0.0.1'],
[2026-08-26T04:41:09.179Z] }
[2026-08-26T04:41:09.179Z] Read more: https://nextjs.org/docs/app/api-reference/config/next-config-js/allowedDevOrigins
[2026-08-26T04:41:18.618Z] GET / 200 in 62ms (next.js: 4ms, proxy.ts: 4ms, generate-params: 10ms, application-code: 44ms)
