
> kisok-admin-next@0.1.0 lint:fix /home/ubuntu/kisok_admin_next
> biome check --write

src/features/dashboard-operations/components/KisokAdminConsole.tsx:108:21 lint/nursery/useSortedClasses  FIXABLE  ━━━━━━━━━━

  ! These CSS classes should be sorted.
  
    106 │ function StatusPill({ children }: { children: React.ReactNode }) {
    107 │   return (
  > 108 │     <span className="border border-[#454545] px-2 py-1 font-mono text-[10px] uppercase tracking-[0.16em] text-[#c7c7c7]">
        │                     ^^^^^^^^^^^^^^^^^^^^^^^^^^^^^^^^^^^^^^^^^^^^^^^^^^^^^^^^^^^^^^^^^^^^^^^^^^^^^^^^^^^^^^^^^^^^^^^^^^^^
    109 │       {children}
    110 │     </span>
  
  i This rule is still being actively worked on, so it may be missing features or have rough edges. Visit https://github.com/biomejs/biome/issues/1274 for more information or to report possible bugs.
  
  i This rule belongs to the nursery group, which means it is not yet stable and may change in the future. Visit https://biomejs.dev/linter/#nursery for more information.
  
  i Unsafe fix: Sort the classes.
  
    106 106 │   function StatusPill({ children }: { children: React.ReactNode }) {
    107 107 │     return (
    108     │ - ····<span·className="border·border-[#454545]·px-2·py-1·font-mono·text-[10px]·uppercase·tracking-[0.16em]·text-[#c7c7c7]">
        108 │ + ····<span·className="border·border-[#454545]·px-2·py-1·font-mono·text-[#c7c7c7]·text-[10px]·uppercase·tracking-[0.16em]">
    109 109 │         {children}
    110 110 │       </span>
  

src/features/dashboard-operations/components/KisokAdminConsole.tsx:120:22 lint/nursery/useSortedClasses  FIXABLE  ━━━━━━━━━━

  ! These CSS classes should be sorted.
  
    118 │     <div className="grid gap-4 xl:grid-cols-[1.24fr_0.76fr]">
    119 │       <section className="border border-[#292929] bg-[#181818] p-5 sm:p-7">
  > 120 │         <p className="font-mono text-[10px] uppercase tracking-[0.22em] text-[#989898]">
        │                      ^^^^^^^^^^^^^^^^^^^^^^^^^^^^^^^^^^^^^^^^^^^^^^^^^^^^^^^^^^^^^^^^^^
    121 │           Operations control / live local view
    122 │         </p>
  
  i This rule is still being actively worked on, so it may be missing features or have rough edges. Visit https://github.com/biomejs/biome/issues/1274 for more information or to report possible bugs.
  
  i This rule belongs to the nursery group, which means it is not yet stable and may change in the future. Visit https://biomejs.dev/linter/#nursery for more information.
  
  i Unsafe fix: Sort the classes.
  
    118 118 │       <div className="grid gap-4 xl:grid-cols-[1.24fr_0.76fr]">
    119 119 │         <section className="border border-[#292929] bg-[#181818] p-5 sm:p-7">
    120     │ - ········<p·className="font-mono·text-[10px]·uppercase·tracking-[0.22em]·text-[#989898]">
        120 │ + ········<p·className="font-mono·text-[#989898]·text-[10px]·uppercase·tracking-[0.22em]">
    121 121 │             Operations control / live local view
    122 122 │           </p>
  

src/features/dashboard-operations/components/KisokAdminConsole.tsx:125:27 lint/nursery/useSortedClasses  FIXABLE  ━━━━━━━━━━

  ! These CSS classes should be sorted.
  
    123 │         <div className="mt-5 flex flex-col justify-between gap-6 lg:flex-row lg:items-end">
    124 │           <div>
  > 125 │             <h1 className="max-w-xl font-black text-5xl leading-[0.84] tracking-[-0.08em] text-[#f1f1ef] sm:text-7xl">
        │                           ^^^^^^^^^^^^^^^^^^^^^^^^^^^^^^^^^^^^^^^^^^^^^^^^^^^^^^^^^^^^^^^^^^^^^^^^^^^^^^^^^^^^^^^^^^^
    126 │               Operations control
    127 │             </h1>
  
  i This rule is still being actively worked on, so it may be missing features or have rough edges. Visit https://github.com/biomejs/biome/issues/1274 for more information or to report possible bugs.
  
  i This rule belongs to the nursery group, which means it is not yet stable and may change in the future. Visit https://biomejs.dev/linter/#nursery for more information.
  
  i Unsafe fix: Sort the classes.
  
    123 123 │           <div className="mt-5 flex flex-col justify-between gap-6 lg:flex-row lg:items-end">
    124 124 │             <div>
    125     │ - ············<h1·className="max-w-xl·font-black·text-5xl·leading-[0.84]·tracking-[-0.08em]·text-[#f1f1ef]·sm:text-7xl">
        125 │ + ············<h1·className="max-w-xl·font-black·text-5xl·text-[#f1f1ef]·leading-[0.84]·tracking-[-0.08em]·sm:text-7xl">
    126 126 │                 Operations control
    127 127 │               </h1>
  

src/features/dashboard-operations/components/KisokAdminConsole.tsx:128:26 lint/nursery/useSortedClasses  FIXABLE  ━━━━━━━━━━

  ! These CSS classes should be sorted.
  
    126 │               Operations control
    127 │             </h1>
  > 128 │             <p className="mt-5 max-w-lg text-sm leading-6 text-[#a6a6a2]">
        │                          ^^^^^^^^^^^^^^^^^^^^^^^^^^^^^^^^^^^^^^^^^^^^^^^^
    129 │               A focused operating surface for the store team. This phase runs on local display data;
    130 │               no live store integration is connected.
  
  i This rule is still being actively worked on, so it may be missing features or have rough edges. Visit https://github.com/biomejs/biome/issues/1274 for more information or to report possible bugs.
  
  i This rule belongs to the nursery group, which means it is not yet stable and may change in the future. Visit https://biomejs.dev/linter/#nursery for more information.
  
  i Unsafe fix: Sort the classes.
  
    126 126 │                 Operations control
    127 127 │               </h1>
    128     │ - ············<p·className="mt-5·max-w-lg·text-sm·leading-6·text-[#a6a6a2]">
        128 │ + ············<p·className="mt-5·max-w-lg·text-[#a6a6a2]·text-sm·leading-6">
    129 129 │                 A focused operating surface for the store team. This phase runs on local display data;
    130 130 │                 no live store integration is connected.
  

src/features/dashboard-operations/components/KisokAdminConsole.tsx:133:26 lint/nursery/useSortedClasses  FIXABLE  ━━━━━━━━━━

  ! These CSS classes should be sorted.
  
    131 │             </p>
    132 │           </div>
  > 133 │           <div className="border-l-4 border-[#f0f0ee] pl-4 font-mono text-xs uppercase tracking-[0.14em] text-[#d6d6d3]">
        │                          ^^^^^^^^^^^^^^^^^^^^^^^^^^^^^^^^^^^^^^^^^^^^^^^^^^^^^^^^^^^^^^^^^^^^^^^^^^^^^^^^^^^^^^^^^^^^^^^
    134 │             Shift A<br />
    135 │             09:30 GST
  
  i This rule is still being actively worked on, so it may be missing features or have rough edges. Visit https://github.com/biomejs/biome/issues/1274 for more information or to report possible bugs.
  
  i This rule belongs to the nursery group, which means it is not yet stable and may change in the future. Visit https://biomejs.dev/linter/#nursery for more information.
  
  i Unsafe fix: Sort the classes.
  
    131 131 │               </p>
    132 132 │             </div>
    133     │ - ··········<div·className="border-l-4·border-[#f0f0ee]·pl-4·font-mono·text-xs·uppercase·tracking-[0.14em]·text-[#d6d6d3]">
        133 │ + ··········<div·className="border-[#f0f0ee]·border-l-4·pl-4·font-mono·text-[#d6d6d3]·text-xs·uppercase·tracking-[0.14em]">
    134 134 │               Shift A<br />
    135 135 │               09:30 GST
  

src/features/dashboard-operations/components/KisokAdminConsole.tsx:146:24 lint/nursery/useSortedClasses  FIXABLE  ━━━━━━━━━━

  ! These CSS classes should be sorted.
  
    145 │       <section className="relative overflow-hidden border border-[#292929] bg-[#e7e7e4] p-5 text-[#141414] sm:p-7">
  > 146 │         <div className="absolute -right-10 -top-10 size-40 border-[22px] border-[#303030]" />
        │                        ^^^^^^^^^^^^^^^^^^^^^^^^^^^^^^^^^^^^^^^^^^^^^^^^^^^^^^^^^^^^^^^^^^^
    147 │         <p className="relative font-mono text-[10px] uppercase tracking-[0.2em] text-[#565656]">
    148 │           Immediate attention
  
  i This rule is still being actively worked on, so it may be missing features or have rough edges. Visit https://github.com/biomejs/biome/issues/1274 for more information or to report possible bugs.
  
  i This rule belongs to the nursery group, which means it is not yet stable and may change in the future. Visit https://biomejs.dev/linter/#nursery for more information.
  
  i Unsafe fix: Sort the classes.
  
    144 144 │   
    145 145 │         <section className="relative overflow-hidden border border-[#292929] bg-[#e7e7e4] p-5 text-[#141414] sm:p-7">
    146     │ - ········<div·className="absolute·-right-10·-top-10·size-40·border-[22px]·border-[#303030]"·/>
        146 │ + ········<div·className="absolute·-top-10·-right-10·size-40·border-[#303030]·border-[22px]"·/>
    147 147 │           <p className="relative font-mono text-[10px] uppercase tracking-[0.2em] text-[#565656]">
    148 148 │             Immediate attention
  

src/features/dashboard-operations/components/KisokAdminConsole.tsx:147:22 lint/nursery/useSortedClasses  FIXABLE  ━━━━━━━━━━

  ! These CSS classes should be sorted.
  
    145 │       <section className="relative overflow-hidden border border-[#292929] bg-[#e7e7e4] p-5 text-[#141414] sm:p-7">
    146 │         <div className="absolute -right-10 -top-10 size-40 border-[22px] border-[#303030]" />
  > 147 │         <p className="relative font-mono text-[10px] uppercase tracking-[0.2em] text-[#565656]">
        │                      ^^^^^^^^^^^^^^^^^^^^^^^^^^^^^^^^^^^^^^^^^^^^^^^^^^^^^^^^^^^^^^^^^^^^^^^^^^
    148 │           Immediate attention
    149 │         </p>
  
  i This rule is still being actively worked on, so it may be missing features or have rough edges. Visit https://github.com/biomejs/biome/issues/1274 for more information or to report possible bugs.
  
  i This rule belongs to the nursery group, which means it is not yet stable and may change in the future. Visit https://biomejs.dev/linter/#nursery for more information.
  
  i Unsafe fix: Sort the classes.
  
    145 145 │         <section className="relative overflow-hidden border border-[#292929] bg-[#e7e7e4] p-5 text-[#141414] sm:p-7">
    146 146 │           <div className="absolute -right-10 -top-10 size-40 border-[22px] border-[#303030]" />
    147     │ - ········<p·className="relative·font-mono·text-[10px]·uppercase·tracking-[0.2em]·text-[#565656]">
        147 │ + ········<p·className="relative·font-mono·text-[#565656]·text-[10px]·uppercase·tracking-[0.2em]">
    148 148 │             Immediate attention
    149 149 │           </p>
  

src/features/dashboard-operations/components/KisokAdminConsole.tsx:153:26 lint/nursery/useSortedClasses  FIXABLE  ━━━━━━━━━━

  ! These CSS classes should be sorted.
  
    151 │           <div>
    152 │             <p className="font-black text-5xl tracking-[-0.08em]">02</p>
  > 153 │             <p className="mt-1 text-sm font-semibold">Stock signals need review</p>
        │                          ^^^^^^^^^^^^^^^^^^^^^^^^^^^^
    154 │           </div>
    155 │           <div className="border-t border-[#8c8c8a] pt-4 text-sm leading-6 text-[#4d4d4b]">
  
  i This rule is still being actively worked on, so it may be missing features or have rough edges. Visit https://github.com/biomejs/biome/issues/1274 for more information or to report possible bugs.
  
  i This rule belongs to the nursery group, which means it is not yet stable and may change in the future. Visit https://biomejs.dev/linter/#nursery for more information.
  
  i Unsafe fix: Sort the classes.
  
    151 151 │             <div>
    152 152 │               <p className="font-black text-5xl tracking-[-0.08em]">02</p>
    153     │ - ············<p·className="mt-1·text-sm·font-semibold">Stock·signals·need·review</p>
        153 │ + ············<p·className="mt-1·font-semibold·text-sm">Stock·signals·need·review</p>
    154 154 │             </div>
    155 155 │             <div className="border-t border-[#8c8c8a] pt-4 text-sm leading-6 text-[#4d4d4b]">
  

src/features/dashboard-operations/components/KisokAdminConsole.tsx:155:26 lint/nursery/useSortedClasses  FIXABLE  ━━━━━━━━━━

  ! These CSS classes should be sorted.
  
    153 │             <p className="mt-1 text-sm font-semibold">Stock signals need review</p>
    154 │           </div>
  > 155 │           <div className="border-t border-[#8c8c8a] pt-4 text-sm leading-6 text-[#4d4d4b]">
        │                          ^^^^^^^^^^^^^^^^^^^^^^^^^^^^^^^^^^^^^^^^^^^^^^^^^^^^^^^^^^^^^^^^^
    156 │             Arabic Reserve is below its preferred threshold. Move to Inventory to record an
    157 │             adjustment once the data connection is enabled.
  
  i This rule is still being actively worked on, so it may be missing features or have rough edges. Visit https://github.com/biomejs/biome/issues/1274 for more information or to report possible bugs.
  
  i This rule belongs to the nursery group, which means it is not yet stable and may change in the future. Visit https://biomejs.dev/linter/#nursery for more information.
  
  i Unsafe fix: Sort the classes.
  
    153 153 │               <p className="mt-1 text-sm font-semibold">Stock signals need review</p>
    154 154 │             </div>
    155     │ - ··········<div·className="border-t·border-[#8c8c8a]·pt-4·text-sm·leading-6·text-[#4d4d4b]">
        155 │ + ··········<div·className="border-[#8c8c8a]·border-t·pt-4·text-[#4d4d4b]·text-sm·leading-6">
    156 156 │               Arabic Reserve is below its preferred threshold. Move to Inventory to record an
    157 157 │               adjustment once the data connection is enabled.
  

src/features/dashboard-operations/components/KisokAdminConsole.tsx:162:26 lint/nursery/useSortedClasses  FIXABLE  ━━━━━━━━━━

  ! These CSS classes should be sorted.
  
    160 │       </section>
    161 │ 
  > 162 │       <section className="border border-[#292929] bg-[#101010] p-5 xl:col-span-2 sm:p-7">
        │                          ^^^^^^^^^^^^^^^^^^^^^^^^^^^^^^^^^^^^^^^^^^^^^^^^^^^^^^^^^^^^^^^
    163 │         <div className="flex flex-wrap items-center justify-between gap-4 border-b border-[#303030] pb-4">
    164 │           <div>
  
  i This rule is still being actively worked on, so it may be missing features or have rough edges. Visit https://github.com/biomejs/biome/issues/1274 for more information or to report possible bugs.
  
  i This rule belongs to the nursery group, which means it is not yet stable and may change in the future. Visit https://biomejs.dev/linter/#nursery for more information.
  
  i Unsafe fix: Sort the classes.
  
    160 160 │         </section>
    161 161 │   
    162     │ - ······<section·className="border·border-[#292929]·bg-[#101010]·p-5·xl:col-span-2·sm:p-7">
        162 │ + ······<section·className="border·border-[#292929]·bg-[#101010]·p-5·sm:p-7·xl:col-span-2">
    163 163 │           <div className="flex flex-wrap items-center justify-between gap-4 border-b border-[#303030] pb-4">
    164 164 │             <div>
  

src/features/dashboard-operations/components/KisokAdminConsole.tsx:163:24 lint/nursery/useSortedClasses  FIXABLE  ━━━━━━━━━━

  ! These CSS classes should be sorted.
  
    162 │       <section className="border border-[#292929] bg-[#101010] p-5 xl:col-span-2 sm:p-7">
  > 163 │         <div className="flex flex-wrap items-center justify-between gap-4 border-b border-[#303030] pb-4">
        │                        ^^^^^^^^^^^^^^^^^^^^^^^^^^^^^^^^^^^^^^^^^^^^^^^^^^^^^^^^^^^^^^^^^^^^^^^^^^^^^^^^^^
    164 │           <div>
    165 │             <p className="font-mono text-[10px] uppercase tracking-[0.2em] text-[#8d8d8b]">
  
  i This rule is still being actively worked on, so it may be missing features or have rough edges. Visit https://github.com/biomejs/biome/issues/1274 for more information or to report possible bugs.
  
  i This rule belongs to the nursery group, which means it is not yet stable and may change in the future. Visit https://biomejs.dev/linter/#nursery for more information.
  
  i Unsafe fix: Sort the classes.
  
    161 161 │   
    162 162 │         <section className="border border-[#292929] bg-[#101010] p-5 xl:col-span-2 sm:p-7">
    163     │ - ········<div·className="flex·flex-wrap·items-center·justify-between·gap-4·border-b·border-[#303030]·pb-4">
        163 │ + ········<div·className="flex·flex-wrap·items-center·justify-between·gap-4·border-[#303030]·border-b·pb-4">
    164 164 │             <div>
    165 165 │               <p className="font-mono text-[10px] uppercase tracking-[0.2em] text-[#8d8d8b]">
  

src/features/dashboard-operations/components/KisokAdminConsole.tsx:165:26 lint/nursery/useSortedClasses  FIXABLE  ━━━━━━━━━━

  ! These CSS classes should be sorted.
  
    163 │         <div className="flex flex-wrap items-center justify-between gap-4 border-b border-[#303030] pb-4">
    164 │           <div>
  > 165 │             <p className="font-mono text-[10px] uppercase tracking-[0.2em] text-[#8d8d8b]">
        │                          ^^^^^^^^^^^^^^^^^^^^^^^^^^^^^^^^^^^^^^^^^^^^^^^^^^^^^^^^^^^^^^^^^
    166 │               Fulfillment queue
    167 │             </p>
  
  i This rule is still being actively worked on, so it may be missing features or have rough edges. Visit https://github.com/biomejs/biome/issues/1274 for more information or to report possible bugs.
  
  i This rule belongs to the nursery group, which means it is not yet stable and may change in the future. Visit https://biomejs.dev/linter/#nursery for more information.
  
  i Unsafe fix: Sort the classes.
  
    163 163 │           <div className="flex flex-wrap items-center justify-between gap-4 border-b border-[#303030] pb-4">
    164 164 │             <div>
    165     │ - ············<p·className="font-mono·text-[10px]·uppercase·tracking-[0.2em]·text-[#8d8d8b]">
        165 │ + ············<p·className="font-mono·text-[#8d8d8b]·text-[10px]·uppercase·tracking-[0.2em]">
    166 166 │                 Fulfillment queue
    167 167 │               </p>
  

src/features/dashboard-operations/components/KisokAdminConsole.tsx:168:27 lint/nursery/useSortedClasses  FIXABLE  ━━━━━━━━━━

  ! These CSS classes should be sorted.
  
    166 │               Fulfillment queue
    167 │             </p>
  > 168 │             <h2 className="mt-1 text-lg font-bold tracking-[-0.04em]">
        │                           ^^^^^^^^^^^^^^^^^^^^^^^^^^^^^^^^^^^^^^^^^^^
    169 │               Three orders in the local working set
    170 │             </h2>
  
  i This rule is still being actively worked on, so it may be missing features or have rough edges. Visit https://github.com/biomejs/biome/issues/1274 for more information or to report possible bugs.
  
  i This rule belongs to the nursery group, which means it is not yet stable and may change in the future. Visit https://biomejs.dev/linter/#nursery for more information.
  
  i Unsafe fix: Sort the classes.
  
    166 166 │                 Fulfillment queue
    167 167 │               </p>
    168     │ - ············<h2·className="mt-1·text-lg·font-bold·tracking-[-0.04em]">
        168 │ + ············<h2·className="mt-1·font-bold·text-lg·tracking-[-0.04em]">
    169 169 │                 Three orders in the local working set
    170 170 │               </h2>
  

src/features/dashboard-operations/components/KisokAdminConsole.tsx:180:28 lint/nursery/useSortedClasses  FIXABLE  ━━━━━━━━━━

  ! These CSS classes should be sorted.
  
    178 │             ['#K-1050', 'New', '35.0 SAR'],
    179 │           ].map(([id, state, amount]) => (
  > 180 │             <div className="py-5 sm:px-5 sm:first:pl-0 sm:last:pr-0" key={id}>
        │                            ^^^^^^^^^^^^^^^^^^^^^^^^^^^^^^^^^^^^^^^^^
    181 │               <p className="font-mono text-xs text-[#a2a2a0]">{id}</p>
    182 │               <p className="mt-5 text-2xl font-black tracking-[-0.06em]">{amount}</p>
  
  i This rule is still being actively worked on, so it may be missing features or have rough edges. Visit https://github.com/biomejs/biome/issues/1274 for more information or to report possible bugs.
  
  i This rule belongs to the nursery group, which means it is not yet stable and may change in the future. Visit https://biomejs.dev/linter/#nursery for more information.
  
  i Unsafe fix: Sort the classes.
  
    178 178 │               ['#K-1050', 'New', '35.0 SAR'],
    179 179 │             ].map(([id, state, amount]) => (
    180     │ - ············<div·className="py-5·sm:px-5·sm:first:pl-0·sm:last:pr-0"·key={id}>
        180 │ + ············<div·className="py-5·sm:px-5·sm:last:pr-0·sm:first:pl-0"·key={id}>
    181 181 │                 <p className="font-mono text-xs text-[#a2a2a0]">{id}</p>
    182 182 │                 <p className="mt-5 text-2xl font-black tracking-[-0.06em]">{amount}</p>
  

src/features/dashboard-operations/components/KisokAdminConsole.tsx:181:28 lint/nursery/useSortedClasses  FIXABLE  ━━━━━━━━━━

  ! These CSS classes should be sorted.
  
    179 │           ].map(([id, state, amount]) => (
    180 │             <div className="py-5 sm:px-5 sm:first:pl-0 sm:last:pr-0" key={id}>
  > 181 │               <p className="font-mono text-xs text-[#a2a2a0]">{id}</p>
        │                            ^^^^^^^^^^^^^^^^^^^^^^^^^^^^^^^^^^
    182 │               <p className="mt-5 text-2xl font-black tracking-[-0.06em]">{amount}</p>
    183 │               <p className="mt-1 text-xs uppercase tracking-[0.15em] text-[#8f8f8c]">{state}</p>
  
  i This rule is still being actively worked on, so it may be missing features or have rough edges. Visit https://github.com/biomejs/biome/issues/1274 for more information or to report possible bugs.
  
  i This rule belongs to the nursery group, which means it is not yet stable and may change in the future. Visit https://biomejs.dev/linter/#nursery for more information.
  
  i Unsafe fix: Sort the classes.
  
    179 179 │             ].map(([id, state, amount]) => (
    180 180 │               <div className="py-5 sm:px-5 sm:first:pl-0 sm:last:pr-0" key={id}>
    181     │ - ··············<p·className="font-mono·text-xs·text-[#a2a2a0]">{id}</p>
        181 │ + ··············<p·className="font-mono·text-[#a2a2a0]·text-xs">{id}</p>
    182 182 │                 <p className="mt-5 text-2xl font-black tracking-[-0.06em]">{amount}</p>
    183 183 │                 <p className="mt-1 text-xs uppercase tracking-[0.15em] text-[#8f8f8c]">{state}</p>
  

src/features/dashboard-operations/components/KisokAdminConsole.tsx:182:28 lint/nursery/useSortedClasses  FIXABLE  ━━━━━━━━━━

  ! These CSS classes should be sorted.
  
    180 │             <div className="py-5 sm:px-5 sm:first:pl-0 sm:last:pr-0" key={id}>
    181 │               <p className="font-mono text-xs text-[#a2a2a0]">{id}</p>
  > 182 │               <p className="mt-5 text-2xl font-black tracking-[-0.06em]">{amount}</p>
        │                            ^^^^^^^^^^^^^^^^^^^^^^^^^^^^^^^^^^^^^^^^^^^^^
    183 │               <p className="mt-1 text-xs uppercase tracking-[0.15em] text-[#8f8f8c]">{state}</p>
    184 │             </div>
  
  i This rule is still being actively worked on, so it may be missing features or have rough edges. Visit https://github.com/biomejs/biome/issues/1274 for more information or to report possible bugs.
  
  i This rule belongs to the nursery group, which means it is not yet stable and may change in the future. Visit https://biomejs.dev/linter/#nursery for more information.
  
  i Unsafe fix: Sort the classes.
  
    180 180 │               <div className="py-5 sm:px-5 sm:first:pl-0 sm:last:pr-0" key={id}>
    181 181 │                 <p className="font-mono text-xs text-[#a2a2a0]">{id}</p>
    182     │ - ··············<p·className="mt-5·text-2xl·font-black·tracking-[-0.06em]">{amount}</p>
        182 │ + ··············<p·className="mt-5·font-black·text-2xl·tracking-[-0.06em]">{amount}</p>
    183 183 │                 <p className="mt-1 text-xs uppercase tracking-[0.15em] text-[#8f8f8c]">{state}</p>
    184 184 │               </div>
  

src/features/dashboard-operations/components/KisokAdminConsole.tsx:183:28 lint/nursery/useSortedClasses  FIXABLE  ━━━━━━━━━━

  ! These CSS classes should be sorted.
  
    181 │               <p className="font-mono text-xs text-[#a2a2a0]">{id}</p>
    182 │               <p className="mt-5 text-2xl font-black tracking-[-0.06em]">{amount}</p>
  > 183 │               <p className="mt-1 text-xs uppercase tracking-[0.15em] text-[#8f8f8c]">{state}</p>
        │                            ^^^^^^^^^^^^^^^^^^^^^^^^^^^^^^^^^^^^^^^^^^^^^^^^^^^^^^^^^
    184 │             </div>
    185 │           ))}
  
  i This rule is still being actively worked on, so it may be missing features or have rough edges. Visit https://github.com/biomejs/biome/issues/1274 for more information or to report possible bugs.
  
  i This rule belongs to the nursery group, which means it is not yet stable and may change in the future. Visit https://biomejs.dev/linter/#nursery for more information.
  
  i Unsafe fix: Sort the classes.
  
    181 181 │                 <p className="font-mono text-xs text-[#a2a2a0]">{id}</p>
    182 182 │                 <p className="mt-5 text-2xl font-black tracking-[-0.06em]">{amount}</p>
    183     │ - ··············<p·className="mt-1·text-xs·uppercase·tracking-[0.15em]·text-[#8f8f8c]">{state}</p>
        183 │ + ··············<p·className="mt-1·text-[#8f8f8c]·text-xs·uppercase·tracking-[0.15em]">{state}</p>
    184 184 │               </div>
    185 185 │             ))}
  

src/features/dashboard-operations/components/KisokAdminConsole.tsx:195:20 lint/nursery/useSortedClasses  FIXABLE  ━━━━━━━━━━

  ! These CSS classes should be sorted.
  
    193 │   return (
    194 │     <div className="bg-[#181818] px-5 py-6">
  > 195 │       <p className="font-mono text-[10px] uppercase tracking-[0.17em] text-[#8d8d8b]">{label}</p>
        │                    ^^^^^^^^^^^^^^^^^^^^^^^^^^^^^^^^^^^^^^^^^^^^^^^^^^^^^^^^^^^^^^^^^^
    196 │       <p className="mt-3 font-black text-3xl tracking-[-0.06em] text-[#f0f0ed]">{value}</p>
    197 │     </div>
  
  i This rule is still being actively worked on, so it may be missing features or have rough edges. Visit https://github.com/biomejs/biome/issues/1274 for more information or to report possible bugs.
  
  i This rule belongs to the nursery group, which means it is not yet stable and may change in the future. Visit https://biomejs.dev/linter/#nursery for more information.
  
  i Unsafe fix: Sort the classes.
  
    193 193 │     return (
    194 194 │       <div className="bg-[#181818] px-5 py-6">
    195     │ - ······<p·className="font-mono·text-[10px]·uppercase·tracking-[0.17em]·text-[#8d8d8b]">{label}</p>
        195 │ + ······<p·className="font-mono·text-[#8d8d8b]·text-[10px]·uppercase·tracking-[0.17em]">{label}</p>
    196 196 │         <p className="mt-3 font-black text-3xl tracking-[-0.06em] text-[#f0f0ed]">{value}</p>
    197 197 │       </div>
  

src/features/dashboard-operations/components/KisokAdminConsole.tsx:196:20 lint/nursery/useSortedClasses  FIXABLE  ━━━━━━━━━━

  ! These CSS classes should be sorted.
  
    194 │     <div className="bg-[#181818] px-5 py-6">
    195 │       <p className="font-mono text-[10px] uppercase tracking-[0.17em] text-[#8d8d8b]">{label}</p>
  > 196 │       <p className="mt-3 font-black text-3xl tracking-[-0.06em] text-[#f0f0ed]">{value}</p>
        │                    ^^^^^^^^^^^^^^^^^^^^^^^^^^^^^^^^^^^^^^^^^^^^^^^^^^^^^^^^^^^^
    197 │     </div>
    198 │   );
  
  i This rule is still being actively worked on, so it may be missing features or have rough edges. Visit https://github.com/biomejs/biome/issues/1274 for more information or to report possible bugs.
  
  i This rule belongs to the nursery group, which means it is not yet stable and may change in the future. Visit https://biomejs.dev/linter/#nursery for more information.
  
  i Unsafe fix: Sort the classes.
  
    194 194 │       <div className="bg-[#181818] px-5 py-6">
    195 195 │         <p className="font-mono text-[10px] uppercase tracking-[0.17em] text-[#8d8d8b]">{label}</p>
    196     │ - ······<p·className="mt-3·font-black·text-3xl·tracking-[-0.06em]·text-[#f0f0ed]">{value}</p>
        196 │ + ······<p·className="mt-3·font-black·text-3xl·text-[#f0f0ed]·tracking-[-0.06em]">{value}</p>
    197 197 │       </div>
    198 198 │     );
  

src/features/dashboard-operations/components/KisokAdminConsole.tsx:206:22 lint/nursery/useSortedClasses  FIXABLE  ━━━━━━━━━━

  ! These CSS classes should be sorted.
  
    204 │   return (
    205 │     <section className="border border-[#292929] bg-[#181818] p-5 sm:p-7">
  > 206 │       <div className="flex flex-col justify-between gap-4 border-b border-[#303030] pb-6 sm:flex-row sm:items-end">
        │                      ^^^^^^^^^^^^^^^^^^^^^^^^^^^^^^^^^^^^^^^^^^^^^^^^^^^^^^^^^^^^^^^^^^^^^^^^^^^^^^^^^^^^^^^^^^^^^
    207 │         <div>
    208 │           <p className="font-mono text-[10px] uppercase tracking-[0.2em] text-[#969694]">
  
  i This rule is still being actively worked on, so it may be missing features or have rough edges. Visit https://github.com/biomejs/biome/issues/1274 for more information or to report possible bugs.
  
  i This rule belongs to the nursery group, which means it is not yet stable and may change in the future. Visit https://biomejs.dev/linter/#nursery for more information.
  
  i Unsafe fix: Sort the classes.
  
    204 204 │     return (
    205 205 │       <section className="border border-[#292929] bg-[#181818] p-5 sm:p-7">
    206     │ - ······<div·className="flex·flex-col·justify-between·gap-4·border-b·border-[#303030]·pb-6·sm:flex-row·sm:items-end">
        206 │ + ······<div·className="flex·flex-col·justify-between·gap-4·border-[#303030]·border-b·pb-6·sm:flex-row·sm:items-end">
    207 207 │           <div>
    208 208 │             <p className="font-mono text-[10px] uppercase tracking-[0.2em] text-[#969694]">
  

Skipped 90 suggested fixes.
If you wish to apply the suggested (unsafe) fixes, use the command biome check --write --unsafe

The number of diagnostics exceeds the limit allowed. Use --max-diagnostics to increase it.
Diagnostics not shown: 70.
Checked 117 files in 85ms. Fixed 1 file.
Found 90 warnings.
