
> kisok-admin-next@0.1.0 lint:fix /home/ubuntu/kisok_admin_next
> biome check --write

src/features/admin-users/types/admin-users.types.ts:1:31 lint/complexity/noBannedTypes ━━━━━━━━━━

  ! Don't use '{}' as a type.
  
  > 1 │ export type AdminUsersState = {};
      │                               ^^
    2 │ 
  
  i '{}' accepts any non-nullish value, including non-object primitives like '123' and 'true'.
    - If you want a type meaning "any arbitrary object", use 'object' instead.
    - If you want a type meaning "any value", use 'unknown' instead.
    - If you want a type meaning "an object whose properties cannot be used", use '{ [k: keyof any]: never }' or 'Record<keyof any, never>' instead.
    - If you want a type meaning "an object that cannot contain any properties whatsoever", use '{ [uniqueSymbol]?: never }' with an unexported unique symbol in the same file.
  
  i If that's really what you want, use an inline disable comment.
  

src/features/auth-admin-access/types/auth-admin-access.types.ts:1:36 lint/complexity/noBannedTypes ━━━━━━━━━━

  ! Don't use '{}' as a type.
  
  > 1 │ export type AuthAdminAccessState = {};
      │                                    ^^
    2 │ 
  
  i '{}' accepts any non-nullish value, including non-object primitives like '123' and 'true'.
    - If you want a type meaning "any arbitrary object", use 'object' instead.
    - If you want a type meaning "any value", use 'unknown' instead.
    - If you want a type meaning "an object whose properties cannot be used", use '{ [k: keyof any]: never }' or 'Record<keyof any, never>' instead.
    - If you want a type meaning "an object that cannot contain any properties whatsoever", use '{ [uniqueSymbol]?: never }' with an unexported unique symbol in the same file.
  
  i If that's really what you want, use an inline disable comment.
  

src/features/catalog-taxonomy/types/catalog-taxonomy.types.ts:1:36 lint/complexity/noBannedTypes ━━━━━━━━━━

  ! Don't use '{}' as a type.
  
  > 1 │ export type CatalogTaxonomyState = {};
      │                                    ^^
    2 │ 
  
  i '{}' accepts any non-nullish value, including non-object primitives like '123' and 'true'.
    - If you want a type meaning "any arbitrary object", use 'object' instead.
    - If you want a type meaning "any value", use 'unknown' instead.
    - If you want a type meaning "an object whose properties cannot be used", use '{ [k: keyof any]: never }' or 'Record<keyof any, never>' instead.
    - If you want a type meaning "an object that cannot contain any properties whatsoever", use '{ [uniqueSymbol]?: never }' with an unexported unique symbol in the same file.
  
  i If that's really what you want, use an inline disable comment.
  

src/features/dashboard-operations/types/dashboard-operations.types.ts:1:40 lint/complexity/noBannedTypes ━━━━━━━━━━

  ! Don't use '{}' as a type.
  
  > 1 │ export type DashboardOperationsState = {};
      │                                        ^^
    2 │ 
  
  i '{}' accepts any non-nullish value, including non-object primitives like '123' and 'true'.
    - If you want a type meaning "any arbitrary object", use 'object' instead.
    - If you want a type meaning "any value", use 'unknown' instead.
    - If you want a type meaning "an object whose properties cannot be used", use '{ [k: keyof any]: never }' or 'Record<keyof any, never>' instead.
    - If you want a type meaning "an object that cannot contain any properties whatsoever", use '{ [uniqueSymbol]?: never }' with an unexported unique symbol in the same file.
  
  i If that's really what you want, use an inline disable comment.
  

src/features/inventory/types/inventory.types.ts:1:30 lint/complexity/noBannedTypes ━━━━━━━━━━

  ! Don't use '{}' as a type.
  
  > 1 │ export type InventoryState = {};
      │                              ^^
    2 │ 
  
  i '{}' accepts any non-nullish value, including non-object primitives like '123' and 'true'.
    - If you want a type meaning "any arbitrary object", use 'object' instead.
    - If you want a type meaning "any value", use 'unknown' instead.
    - If you want a type meaning "an object whose properties cannot be used", use '{ [k: keyof any]: never }' or 'Record<keyof any, never>' instead.
    - If you want a type meaning "an object that cannot contain any properties whatsoever", use '{ [uniqueSymbol]?: never }' with an unexported unique symbol in the same file.
  
  i If that's really what you want, use an inline disable comment.
  

src/features/media-library/types/media-library.types.ts:1:33 lint/complexity/noBannedTypes ━━━━━━━━━━

  ! Don't use '{}' as a type.
  
  > 1 │ export type MediaLibraryState = {};
      │                                 ^^
    2 │ 
  
  i '{}' accepts any non-nullish value, including non-object primitives like '123' and 'true'.
    - If you want a type meaning "any arbitrary object", use 'object' instead.
    - If you want a type meaning "any value", use 'unknown' instead.
    - If you want a type meaning "an object whose properties cannot be used", use '{ [k: keyof any]: never }' or 'Record<keyof any, never>' instead.
    - If you want a type meaning "an object that cannot contain any properties whatsoever", use '{ [uniqueSymbol]?: never }' with an unexported unique symbol in the same file.
  
  i If that's really what you want, use an inline disable comment.
  

src/features/admin-users/components/AdminUsers.tsx:5:9 lint/correctness/noEmptyPattern ━━━━━━━━━━

  × Unexpected empty object pattern.
  
    4 │ export function AdminUsers() {
  > 5 │   const {} = useAdminUsers();
      │         ^^
    6 │ 
    7 │   return (
  

src/features/admin-users/hooks/useAdminUsers.ts:6:17 lint/correctness/noUnusedVariables  FIXABLE  ━━━━━━━━━━

  × This variable setState is unused.
  
    4 │ export const useAdminUsers = () => {
    5 │   // Add your state and logic here
  > 6 │   const [state, setState] = useState({});
      │                 ^^^^^^^^
    7 │ 
    8 │   return {
  
  i Unused variables are often the result of typos, incomplete refactors, or other sources of bugs.
  
  i Unsafe fix: If this is intentional, prepend setState with an underscore.
  
     4  4 │   export const useAdminUsers = () => {
     5  5 │     // Add your state and logic here
     6    │ - ··const·[state,·setState]·=·useState({});
        6 │ + ··const·[state,·_setState]·=·useState({});
     7  7 │   
     8  8 │     return {
  

src/features/auth-admin-access/components/AuthAdminAccess.tsx:5:9 lint/correctness/noEmptyPattern ━━━━━━━━━━

  × Unexpected empty object pattern.
  
    4 │ export function AuthAdminAccess() {
  > 5 │   const {} = useAuthAdminAccess();
      │         ^^
    6 │ 
    7 │   return (
  

src/features/auth-admin-access/hooks/useAuthAdminAccess.ts:6:17 lint/correctness/noUnusedVariables  FIXABLE  ━━━━━━━━━━

  × This variable setState is unused.
  
    4 │ export const useAuthAdminAccess = () => {
    5 │   // Add your state and logic here
  > 6 │   const [state, setState] = useState({});
      │                 ^^^^^^^^
    7 │ 
    8 │   return {
  
  i Unused variables are often the result of typos, incomplete refactors, or other sources of bugs.
  
  i Unsafe fix: If this is intentional, prepend setState with an underscore.
  
     4  4 │   export const useAuthAdminAccess = () => {
     5  5 │     // Add your state and logic here
     6    │ - ··const·[state,·setState]·=·useState({});
        6 │ + ··const·[state,·_setState]·=·useState({});
     7  7 │   
     8  8 │     return {
  

src/features/catalog-taxonomy/components/CatalogTaxonomy.tsx:5:9 lint/correctness/noEmptyPattern ━━━━━━━━━━

  × Unexpected empty object pattern.
  
    4 │ export function CatalogTaxonomy() {
  > 5 │   const {} = useCatalogTaxonomy();
      │         ^^
    6 │ 
    7 │   return (
  

src/features/catalog-taxonomy/hooks/useCatalogTaxonomy.ts:6:17 lint/correctness/noUnusedVariables  FIXABLE  ━━━━━━━━━━

  × This variable setState is unused.
  
    4 │ export const useCatalogTaxonomy = () => {
    5 │   // Add your state and logic here
  > 6 │   const [state, setState] = useState({});
      │                 ^^^^^^^^
    7 │ 
    8 │   return {
  
  i Unused variables are often the result of typos, incomplete refactors, or other sources of bugs.
  
  i Unsafe fix: If this is intentional, prepend setState with an underscore.
  
     4  4 │   export const useCatalogTaxonomy = () => {
     5  5 │     // Add your state and logic here
     6    │ - ··const·[state,·setState]·=·useState({});
        6 │ + ··const·[state,·_setState]·=·useState({});
     7  7 │   
     8  8 │     return {
  

src/features/dashboard-operations/components/DashboardOperations.tsx:5:9 lint/correctness/noEmptyPattern ━━━━━━━━━━

  × Unexpected empty object pattern.
  
    4 │ export function DashboardOperations() {
  > 5 │   const {} = useDashboardOperations();
      │         ^^
    6 │ 
    7 │   return (
  

src/features/dashboard-operations/hooks/useDashboardOperations.ts:6:17 lint/correctness/noUnusedVariables  FIXABLE  ━━━━━━━━━━

  × This variable setState is unused.
  
    4 │ export const useDashboardOperations = () => {
    5 │   // Add your state and logic here
  > 6 │   const [state, setState] = useState({});
      │                 ^^^^^^^^
    7 │ 
    8 │   return {
  
  i Unused variables are often the result of typos, incomplete refactors, or other sources of bugs.
  
  i Unsafe fix: If this is intentional, prepend setState with an underscore.
  
     4  4 │   export const useDashboardOperations = () => {
     5  5 │     // Add your state and logic here
     6    │ - ··const·[state,·setState]·=·useState({});
        6 │ + ··const·[state,·_setState]·=·useState({});
     7  7 │   
     8  8 │     return {
  

src/features/inventory/components/Inventory.tsx:5:9 lint/correctness/noEmptyPattern ━━━━━━━━━━

  × Unexpected empty object pattern.
  
    4 │ export function Inventory() {
  > 5 │   const {} = useInventory();
      │         ^^
    6 │ 
    7 │   return (
  

src/features/inventory/hooks/useInventory.ts:6:17 lint/correctness/noUnusedVariables  FIXABLE  ━━━━━━━━━━

  × This variable setState is unused.
  
    4 │ export const useInventory = () => {
    5 │   // Add your state and logic here
  > 6 │   const [state, setState] = useState({});
      │                 ^^^^^^^^
    7 │ 
    8 │   return {
  
  i Unused variables are often the result of typos, incomplete refactors, or other sources of bugs.
  
  i Unsafe fix: If this is intentional, prepend setState with an underscore.
  
     4  4 │   export const useInventory = () => {
     5  5 │     // Add your state and logic here
     6    │ - ··const·[state,·setState]·=·useState({});
        6 │ + ··const·[state,·_setState]·=·useState({});
     7  7 │   
     8  8 │     return {
  

src/features/media-library/components/MediaLibrary.tsx:5:9 lint/correctness/noEmptyPattern ━━━━━━━━━━

  × Unexpected empty object pattern.
  
    4 │ export function MediaLibrary() {
  > 5 │   const {} = useMediaLibrary();
      │         ^^
    6 │ 
    7 │   return (
  

src/features/media-library/hooks/useMediaLibrary.ts:6:17 lint/correctness/noUnusedVariables  FIXABLE  ━━━━━━━━━━

  × This variable setState is unused.
  
    4 │ export const useMediaLibrary = () => {
    5 │   // Add your state and logic here
  > 6 │   const [state, setState] = useState({});
      │                 ^^^^^^^^
    7 │ 
    8 │   return {
  
  i Unused variables are often the result of typos, incomplete refactors, or other sources of bugs.
  
  i Unsafe fix: If this is intentional, prepend setState with an underscore.
  
     4  4 │   export const useMediaLibrary = () => {
     5  5 │     // Add your state and logic here
     6    │ - ··const·[state,·setState]·=·useState({});
        6 │ + ··const·[state,·_setState]·=·useState({});
     7  7 │   
     8  8 │     return {
  

src/features/orders/components/Orders.tsx:5:9 lint/correctness/noEmptyPattern ━━━━━━━━━━

  × Unexpected empty object pattern.
  
    4 │ export function Orders() {
  > 5 │   const {} = useOrders();
      │         ^^
    6 │ 
    7 │   return (
  

src/features/orders/hooks/useOrders.ts:6:17 lint/correctness/noUnusedVariables  FIXABLE  ━━━━━━━━━━

  × This variable setState is unused.
  
    4 │ export const useOrders = () => {
    5 │   // Add your state and logic here
  > 6 │   const [state, setState] = useState({});
      │                 ^^^^^^^^
    7 │ 
    8 │   return {
  
  i Unused variables are often the result of typos, incomplete refactors, or other sources of bugs.
  
  i Unsafe fix: If this is intentional, prepend setState with an underscore.
  
     4  4 │   export const useOrders = () => {
     5  5 │     // Add your state and logic here
     6    │ - ··const·[state,·setState]·=·useState({});
        6 │ + ··const·[state,·_setState]·=·useState({});
     7  7 │   
     8  8 │     return {
  

Skipped 93 suggested fixes.
If you wish to apply the suggested (unsafe) fixes, use the command biome check --write --unsafe

The number of diagnostics exceeds the limit allowed. Use --max-diagnostics to increase it.
Diagnostics not shown: 91.
Checked 144 files in 107ms. Fixed 10 files.
Found 18 errors.
Found 93 warnings.
check ━━━━━━━━━━━━━━━━━━━━━━━━━━━━━━━━━━━━━━━━━━━━━━━━━━━━━━━━━━━━━━━━━━━━━━━━━━

  × Some errors were emitted while applying fixes.
  

 ELIFECYCLE  Command failed with exit code 1.
