
> kisok-admin-next@0.1.0 lint:fix /home/ubuntu/kisok_admin_next
> biome check --write

src/features/dashboard-operations/components/KisokAdminConsole.tsx:107:21 lint/nursery/useSortedClasses  FIXABLE  ━━━━━━━━━━

  ! These CSS classes should be sorted.
  
    105 │ function StatusPill({ children }: { children: React.ReactNode }) {
    106 │   return (
  > 107 │     <span className="border border-[#454545] px-2 py-1 font-mono text-[10px] uppercase tracking-[0.16em] text-[#c7c7c7]">
        │                     ^^^^^^^^^^^^^^^^^^^^^^^^^^^^^^^^^^^^^^^^^^^^^^^^^^^^^^^^^^^^^^^^^^^^^^^^^^^^^^^^^^^^^^^^^^^^^^^^^^^^
    108 │       {children}
    109 │     </span>
  
  i This rule is still being actively worked on, so it may be missing features or have rough edges. Visit https://github.com/biomejs/biome/issues/1274 for more information or to report possible bugs.
  
  i This rule belongs to the nursery group, which means it is not yet stable and may change in the future. Visit https://biomejs.dev/linter/#nursery for more information.
  
  i Unsafe fix: Sort the classes.
  
    105 105 │   function StatusPill({ children }: { children: React.ReactNode }) {
    106 106 │     return (
    107     │ - ····<span·className="border·border-[#454545]·px-2·py-1·font-mono·text-[10px]·uppercase·tracking-[0.16em]·text-[#c7c7c7]">
        107 │ + ····<span·className="border·border-[#454545]·px-2·py-1·font-mono·text-[#c7c7c7]·text-[10px]·uppercase·tracking-[0.16em]">
    108 108 │         {children}
    109 109 │       </span>
  

src/features/dashboard-operations/components/KisokAdminConsole.tsx:119:22 lint/nursery/useSortedClasses  FIXABLE  ━━━━━━━━━━

  ! These CSS classes should be sorted.
  
    117 │     <div className="grid gap-4 xl:grid-cols-[1.24fr_0.76fr]">
    118 │       <section className="border border-[#292929] bg-[#181818] p-5 sm:p-7">
  > 119 │         <p className="font-mono text-[10px] uppercase tracking-[0.22em] text-[#989898]">
        │                      ^^^^^^^^^^^^^^^^^^^^^^^^^^^^^^^^^^^^^^^^^^^^^^^^^^^^^^^^^^^^^^^^^^
    120 │           Operations control / live local view
    121 │         </p>
  
  i This rule is still being actively worked on, so it may be missing features or have rough edges. Visit https://github.com/biomejs/biome/issues/1274 for more information or to report possible bugs.
  
  i This rule belongs to the nursery group, which means it is not yet stable and may change in the future. Visit https://biomejs.dev/linter/#nursery for more information.
  
  i Unsafe fix: Sort the classes.
  
    117 117 │       <div className="grid gap-4 xl:grid-cols-[1.24fr_0.76fr]">
    118 118 │         <section className="border border-[#292929] bg-[#181818] p-5 sm:p-7">
    119     │ - ········<p·className="font-mono·text-[10px]·uppercase·tracking-[0.22em]·text-[#989898]">
        119 │ + ········<p·className="font-mono·text-[#989898]·text-[10px]·uppercase·tracking-[0.22em]">
    120 120 │             Operations control / live local view
    121 121 │           </p>
  

src/features/dashboard-operations/components/KisokAdminConsole.tsx:124:27 lint/nursery/useSortedClasses  FIXABLE  ━━━━━━━━━━

  ! These CSS classes should be sorted.
  
    122 │         <div className="mt-5 flex flex-col justify-between gap-6 lg:flex-row lg:items-end">
    123 │           <div>
  > 124 │             <h1 className="max-w-xl font-black text-5xl leading-[0.84] tracking-[-0.08em] text-[#f1f1ef] sm:text-7xl">
        │                           ^^^^^^^^^^^^^^^^^^^^^^^^^^^^^^^^^^^^^^^^^^^^^^^^^^^^^^^^^^^^^^^^^^^^^^^^^^^^^^^^^^^^^^^^^^^
    125 │               Operations control
    126 │             </h1>
  
  i This rule is still being actively worked on, so it may be missing features or have rough edges. Visit https://github.com/biomejs/biome/issues/1274 for more information or to report possible bugs.
  
  i This rule belongs to the nursery group, which means it is not yet stable and may change in the future. Visit https://biomejs.dev/linter/#nursery for more information.
  
  i Unsafe fix: Sort the classes.
  
    122 122 │           <div className="mt-5 flex flex-col justify-between gap-6 lg:flex-row lg:items-end">
    123 123 │             <div>
    124     │ - ············<h1·className="max-w-xl·font-black·text-5xl·leading-[0.84]·tracking-[-0.08em]·text-[#f1f1ef]·sm:text-7xl">
        124 │ + ············<h1·className="max-w-xl·font-black·text-5xl·text-[#f1f1ef]·leading-[0.84]·tracking-[-0.08em]·sm:text-7xl">
    125 125 │                 Operations control
    126 126 │               </h1>
  

src/features/dashboard-operations/components/KisokAdminConsole.tsx:127:26 lint/nursery/useSortedClasses  FIXABLE  ━━━━━━━━━━

  ! These CSS classes should be sorted.
  
    125 │               Operations control
    126 │             </h1>
  > 127 │             <p className="mt-5 max-w-lg text-sm leading-6 text-[#a6a6a2]">
        │                          ^^^^^^^^^^^^^^^^^^^^^^^^^^^^^^^^^^^^^^^^^^^^^^^^
    128 │               A focused operating surface for the store team. This phase runs on local display data;
    129 │               no live store integration is connected.
  
  i This rule is still being actively worked on, so it may be missing features or have rough edges. Visit https://github.com/biomejs/biome/issues/1274 for more information or to report possible bugs.
  
  i This rule belongs to the nursery group, which means it is not yet stable and may change in the future. Visit https://biomejs.dev/linter/#nursery for more information.
  
  i Unsafe fix: Sort the classes.
  
    125 125 │                 Operations control
    126 126 │               </h1>
    127     │ - ············<p·className="mt-5·max-w-lg·text-sm·leading-6·text-[#a6a6a2]">
        127 │ + ············<p·className="mt-5·max-w-lg·text-[#a6a6a2]·text-sm·leading-6">
    128 128 │                 A focused operating surface for the store team. This phase runs on local display data;
    129 129 │                 no live store integration is connected.
  

src/features/dashboard-operations/components/KisokAdminConsole.tsx:132:26 lint/nursery/useSortedClasses  FIXABLE  ━━━━━━━━━━

  ! These CSS classes should be sorted.
  
    130 │             </p>
    131 │           </div>
  > 132 │           <div className="border-l-4 border-[#f0f0ee] pl-4 font-mono text-xs uppercase tracking-[0.14em] text-[#d6d6d3]">
        │                          ^^^^^^^^^^^^^^^^^^^^^^^^^^^^^^^^^^^^^^^^^^^^^^^^^^^^^^^^^^^^^^^^^^^^^^^^^^^^^^^^^^^^^^^^^^^^^^^
    133 │             Shift A<br />
    134 │             09:30 GST
  
  i This rule is still being actively worked on, so it may be missing features or have rough edges. Visit https://github.com/biomejs/biome/issues/1274 for more information or to report possible bugs.
  
  i This rule belongs to the nursery group, which means it is not yet stable and may change in the future. Visit https://biomejs.dev/linter/#nursery for more information.
  
  i Unsafe fix: Sort the classes.
  
    130 130 │               </p>
    131 131 │             </div>
    132     │ - ··········<div·className="border-l-4·border-[#f0f0ee]·pl-4·font-mono·text-xs·uppercase·tracking-[0.14em]·text-[#d6d6d3]">
        132 │ + ··········<div·className="border-[#f0f0ee]·border-l-4·pl-4·font-mono·text-[#d6d6d3]·text-xs·uppercase·tracking-[0.14em]">
    133 133 │               Shift A<br />
    134 134 │               09:30 GST
  

src/features/dashboard-operations/components/KisokAdminConsole.tsx:145:24 lint/nursery/useSortedClasses  FIXABLE  ━━━━━━━━━━

  ! These CSS classes should be sorted.
  
    144 │       <section className="relative overflow-hidden border border-[#292929] bg-[#e7e7e4] p-5 text-[#141414] sm:p-7">
  > 145 │         <div className="absolute -right-10 -top-10 size-40 border-[22px] border-[#303030]" />
        │                        ^^^^^^^^^^^^^^^^^^^^^^^^^^^^^^^^^^^^^^^^^^^^^^^^^^^^^^^^^^^^^^^^^^^
    146 │         <p className="relative font-mono text-[10px] uppercase tracking-[0.2em] text-[#565656]">
    147 │           Immediate attention
  
  i This rule is still being actively worked on, so it may be missing features or have rough edges. Visit https://github.com/biomejs/biome/issues/1274 for more information or to report possible bugs.
  
  i This rule belongs to the nursery group, which means it is not yet stable and may change in the future. Visit https://biomejs.dev/linter/#nursery for more information.
  
  i Unsafe fix: Sort the classes.
  
    143 143 │   
    144 144 │         <section className="relative overflow-hidden border border-[#292929] bg-[#e7e7e4] p-5 text-[#141414] sm:p-7">
    145     │ - ········<div·className="absolute·-right-10·-top-10·size-40·border-[22px]·border-[#303030]"·/>
        145 │ + ········<div·className="absolute·-top-10·-right-10·size-40·border-[#303030]·border-[22px]"·/>
    146 146 │           <p className="relative font-mono text-[10px] uppercase tracking-[0.2em] text-[#565656]">
    147 147 │             Immediate attention
  

src/features/dashboard-operations/components/KisokAdminConsole.tsx:146:22 lint/nursery/useSortedClasses  FIXABLE  ━━━━━━━━━━

  ! These CSS classes should be sorted.
  
    144 │       <section className="relative overflow-hidden border border-[#292929] bg-[#e7e7e4] p-5 text-[#141414] sm:p-7">
    145 │         <div className="absolute -right-10 -top-10 size-40 border-[22px] border-[#303030]" />
  > 146 │         <p className="relative font-mono text-[10px] uppercase tracking-[0.2em] text-[#565656]">
        │                      ^^^^^^^^^^^^^^^^^^^^^^^^^^^^^^^^^^^^^^^^^^^^^^^^^^^^^^^^^^^^^^^^^^^^^^^^^^
    147 │           Immediate attention
    148 │         </p>
  
  i This rule is still being actively worked on, so it may be missing features or have rough edges. Visit https://github.com/biomejs/biome/issues/1274 for more information or to report possible bugs.
  
  i This rule belongs to the nursery group, which means it is not yet stable and may change in the future. Visit https://biomejs.dev/linter/#nursery for more information.
  
  i Unsafe fix: Sort the classes.
  
    144 144 │         <section className="relative overflow-hidden border border-[#292929] bg-[#e7e7e4] p-5 text-[#141414] sm:p-7">
    145 145 │           <div className="absolute -right-10 -top-10 size-40 border-[22px] border-[#303030]" />
    146     │ - ········<p·className="relative·font-mono·text-[10px]·uppercase·tracking-[0.2em]·text-[#565656]">
        146 │ + ········<p·className="relative·font-mono·text-[#565656]·text-[10px]·uppercase·tracking-[0.2em]">
    147 147 │             Immediate attention
    148 148 │           </p>
  

src/features/dashboard-operations/components/KisokAdminConsole.tsx:152:26 lint/nursery/useSortedClasses  FIXABLE  ━━━━━━━━━━

  ! These CSS classes should be sorted.
  
    150 │           <div>
    151 │             <p className="font-black text-5xl tracking-[-0.08em]">02</p>
  > 152 │             <p className="mt-1 text-sm font-semibold">Stock signals need review</p>
        │                          ^^^^^^^^^^^^^^^^^^^^^^^^^^^^
    153 │           </div>
    154 │           <div className="border-t border-[#8c8c8a] pt-4 text-sm leading-6 text-[#4d4d4b]">
  
  i This rule is still being actively worked on, so it may be missing features or have rough edges. Visit https://github.com/biomejs/biome/issues/1274 for more information or to report possible bugs.
  
  i This rule belongs to the nursery group, which means it is not yet stable and may change in the future. Visit https://biomejs.dev/linter/#nursery for more information.
  
  i Unsafe fix: Sort the classes.
  
    150 150 │             <div>
    151 151 │               <p className="font-black text-5xl tracking-[-0.08em]">02</p>
    152     │ - ············<p·className="mt-1·text-sm·font-semibold">Stock·signals·need·review</p>
        152 │ + ············<p·className="mt-1·font-semibold·text-sm">Stock·signals·need·review</p>
    153 153 │             </div>
    154 154 │             <div className="border-t border-[#8c8c8a] pt-4 text-sm leading-6 text-[#4d4d4b]">
  

src/features/dashboard-operations/components/KisokAdminConsole.tsx:154:26 lint/nursery/useSortedClasses  FIXABLE  ━━━━━━━━━━

  ! These CSS classes should be sorted.
  
    152 │             <p className="mt-1 text-sm font-semibold">Stock signals need review</p>
    153 │           </div>
  > 154 │           <div className="border-t border-[#8c8c8a] pt-4 text-sm leading-6 text-[#4d4d4b]">
        │                          ^^^^^^^^^^^^^^^^^^^^^^^^^^^^^^^^^^^^^^^^^^^^^^^^^^^^^^^^^^^^^^^^^
    155 │             Arabic Reserve is below its preferred threshold. Move to Inventory to record an
    156 │             adjustment once the data connection is enabled.
  
  i This rule is still being actively worked on, so it may be missing features or have rough edges. Visit https://github.com/biomejs/biome/issues/1274 for more information or to report possible bugs.
  
  i This rule belongs to the nursery group, which means it is not yet stable and may change in the future. Visit https://biomejs.dev/linter/#nursery for more information.
  
  i Unsafe fix: Sort the classes.
  
    152 152 │               <p className="mt-1 text-sm font-semibold">Stock signals need review</p>
    153 153 │             </div>
    154     │ - ··········<div·className="border-t·border-[#8c8c8a]·pt-4·text-sm·leading-6·text-[#4d4d4b]">
        154 │ + ··········<div·className="border-[#8c8c8a]·border-t·pt-4·text-[#4d4d4b]·text-sm·leading-6">
    155 155 │               Arabic Reserve is below its preferred threshold. Move to Inventory to record an
    156 156 │               adjustment once the data connection is enabled.
  

src/features/dashboard-operations/components/KisokAdminConsole.tsx:161:26 lint/nursery/useSortedClasses  FIXABLE  ━━━━━━━━━━

  ! These CSS classes should be sorted.
  
    159 │       </section>
    160 │ 
  > 161 │       <section className="border border-[#292929] bg-[#101010] p-5 xl:col-span-2 sm:p-7">
        │                          ^^^^^^^^^^^^^^^^^^^^^^^^^^^^^^^^^^^^^^^^^^^^^^^^^^^^^^^^^^^^^^^
    162 │         <div className="flex flex-wrap items-center justify-between gap-4 border-b border-[#303030] pb-4">
    163 │           <div>
  
  i This rule is still being actively worked on, so it may be missing features or have rough edges. Visit https://github.com/biomejs/biome/issues/1274 for more information or to report possible bugs.
  
  i This rule belongs to the nursery group, which means it is not yet stable and may change in the future. Visit https://biomejs.dev/linter/#nursery for more information.
  
  i Unsafe fix: Sort the classes.
  
    159 159 │         </section>
    160 160 │   
    161     │ - ······<section·className="border·border-[#292929]·bg-[#101010]·p-5·xl:col-span-2·sm:p-7">
        161 │ + ······<section·className="border·border-[#292929]·bg-[#101010]·p-5·sm:p-7·xl:col-span-2">
    162 162 │           <div className="flex flex-wrap items-center justify-between gap-4 border-b border-[#303030] pb-4">
    163 163 │             <div>
  

src/features/dashboard-operations/components/KisokAdminConsole.tsx:162:24 lint/nursery/useSortedClasses  FIXABLE  ━━━━━━━━━━

  ! These CSS classes should be sorted.
  
    161 │       <section className="border border-[#292929] bg-[#101010] p-5 xl:col-span-2 sm:p-7">
  > 162 │         <div className="flex flex-wrap items-center justify-between gap-4 border-b border-[#303030] pb-4">
        │                        ^^^^^^^^^^^^^^^^^^^^^^^^^^^^^^^^^^^^^^^^^^^^^^^^^^^^^^^^^^^^^^^^^^^^^^^^^^^^^^^^^^
    163 │           <div>
    164 │             <p className="font-mono text-[10px] uppercase tracking-[0.2em] text-[#8d8d8b]">
  
  i This rule is still being actively worked on, so it may be missing features or have rough edges. Visit https://github.com/biomejs/biome/issues/1274 for more information or to report possible bugs.
  
  i This rule belongs to the nursery group, which means it is not yet stable and may change in the future. Visit https://biomejs.dev/linter/#nursery for more information.
  
  i Unsafe fix: Sort the classes.
  
    160 160 │   
    161 161 │         <section className="border border-[#292929] bg-[#101010] p-5 xl:col-span-2 sm:p-7">
    162     │ - ········<div·className="flex·flex-wrap·items-center·justify-between·gap-4·border-b·border-[#303030]·pb-4">
        162 │ + ········<div·className="flex·flex-wrap·items-center·justify-between·gap-4·border-[#303030]·border-b·pb-4">
    163 163 │             <div>
    164 164 │               <p className="font-mono text-[10px] uppercase tracking-[0.2em] text-[#8d8d8b]">
  

src/features/dashboard-operations/components/KisokAdminConsole.tsx:164:26 lint/nursery/useSortedClasses  FIXABLE  ━━━━━━━━━━

  ! These CSS classes should be sorted.
  
    162 │         <div className="flex flex-wrap items-center justify-between gap-4 border-b border-[#303030] pb-4">
    163 │           <div>
  > 164 │             <p className="font-mono text-[10px] uppercase tracking-[0.2em] text-[#8d8d8b]">
        │                          ^^^^^^^^^^^^^^^^^^^^^^^^^^^^^^^^^^^^^^^^^^^^^^^^^^^^^^^^^^^^^^^^^
    165 │               Fulfillment queue
    166 │             </p>
  
  i This rule is still being actively worked on, so it may be missing features or have rough edges. Visit https://github.com/biomejs/biome/issues/1274 for more information or to report possible bugs.
  
  i This rule belongs to the nursery group, which means it is not yet stable and may change in the future. Visit https://biomejs.dev/linter/#nursery for more information.
  
  i Unsafe fix: Sort the classes.
  
    162 162 │           <div className="flex flex-wrap items-center justify-between gap-4 border-b border-[#303030] pb-4">
    163 163 │             <div>
    164     │ - ············<p·className="font-mono·text-[10px]·uppercase·tracking-[0.2em]·text-[#8d8d8b]">
        164 │ + ············<p·className="font-mono·text-[#8d8d8b]·text-[10px]·uppercase·tracking-[0.2em]">
    165 165 │                 Fulfillment queue
    166 166 │               </p>
  

src/features/dashboard-operations/components/KisokAdminConsole.tsx:167:27 lint/nursery/useSortedClasses  FIXABLE  ━━━━━━━━━━

  ! These CSS classes should be sorted.
  
    165 │               Fulfillment queue
    166 │             </p>
  > 167 │             <h2 className="mt-1 text-lg font-bold tracking-[-0.04em]">
        │                           ^^^^^^^^^^^^^^^^^^^^^^^^^^^^^^^^^^^^^^^^^^^
    168 │               Three orders in the local working set
    169 │             </h2>
  
  i This rule is still being actively worked on, so it may be missing features or have rough edges. Visit https://github.com/biomejs/biome/issues/1274 for more information or to report possible bugs.
  
  i This rule belongs to the nursery group, which means it is not yet stable and may change in the future. Visit https://biomejs.dev/linter/#nursery for more information.
  
  i Unsafe fix: Sort the classes.
  
    165 165 │                 Fulfillment queue
    166 166 │               </p>
    167     │ - ············<h2·className="mt-1·text-lg·font-bold·tracking-[-0.04em]">
        167 │ + ············<h2·className="mt-1·font-bold·text-lg·tracking-[-0.04em]">
    168 168 │                 Three orders in the local working set
    169 169 │               </h2>
  

src/features/dashboard-operations/components/KisokAdminConsole.tsx:179:28 lint/nursery/useSortedClasses  FIXABLE  ━━━━━━━━━━

  ! These CSS classes should be sorted.
  
    177 │             ['#K-1050', 'New', '35.0 SAR'],
    178 │           ].map(([id, state, amount]) => (
  > 179 │             <div className="py-5 sm:px-5 sm:first:pl-0 sm:last:pr-0" key={id}>
        │                            ^^^^^^^^^^^^^^^^^^^^^^^^^^^^^^^^^^^^^^^^^
    180 │               <p className="font-mono text-xs text-[#a2a2a0]">{id}</p>
    181 │               <p className="mt-5 text-2xl font-black tracking-[-0.06em]">{amount}</p>
  
  i This rule is still being actively worked on, so it may be missing features or have rough edges. Visit https://github.com/biomejs/biome/issues/1274 for more information or to report possible bugs.
  
  i This rule belongs to the nursery group, which means it is not yet stable and may change in the future. Visit https://biomejs.dev/linter/#nursery for more information.
  
  i Unsafe fix: Sort the classes.
  
    177 177 │               ['#K-1050', 'New', '35.0 SAR'],
    178 178 │             ].map(([id, state, amount]) => (
    179     │ - ············<div·className="py-5·sm:px-5·sm:first:pl-0·sm:last:pr-0"·key={id}>
        179 │ + ············<div·className="py-5·sm:px-5·sm:last:pr-0·sm:first:pl-0"·key={id}>
    180 180 │                 <p className="font-mono text-xs text-[#a2a2a0]">{id}</p>
    181 181 │                 <p className="mt-5 text-2xl font-black tracking-[-0.06em]">{amount}</p>
  

src/features/dashboard-operations/components/KisokAdminConsole.tsx:180:28 lint/nursery/useSortedClasses  FIXABLE  ━━━━━━━━━━

  ! These CSS classes should be sorted.
  
    178 │           ].map(([id, state, amount]) => (
    179 │             <div className="py-5 sm:px-5 sm:first:pl-0 sm:last:pr-0" key={id}>
  > 180 │               <p className="font-mono text-xs text-[#a2a2a0]">{id}</p>
        │                            ^^^^^^^^^^^^^^^^^^^^^^^^^^^^^^^^^^
    181 │               <p className="mt-5 text-2xl font-black tracking-[-0.06em]">{amount}</p>
    182 │               <p className="mt-1 text-xs uppercase tracking-[0.15em] text-[#8f8f8c]">{state}</p>
  
  i This rule is still being actively worked on, so it may be missing features or have rough edges. Visit https://github.com/biomejs/biome/issues/1274 for more information or to report possible bugs.
  
  i This rule belongs to the nursery group, which means it is not yet stable and may change in the future. Visit https://biomejs.dev/linter/#nursery for more information.
  
  i Unsafe fix: Sort the classes.
  
    178 178 │             ].map(([id, state, amount]) => (
    179 179 │               <div className="py-5 sm:px-5 sm:first:pl-0 sm:last:pr-0" key={id}>
    180     │ - ··············<p·className="font-mono·text-xs·text-[#a2a2a0]">{id}</p>
        180 │ + ··············<p·className="font-mono·text-[#a2a2a0]·text-xs">{id}</p>
    181 181 │                 <p className="mt-5 text-2xl font-black tracking-[-0.06em]">{amount}</p>
    182 182 │                 <p className="mt-1 text-xs uppercase tracking-[0.15em] text-[#8f8f8c]">{state}</p>
  

src/features/dashboard-operations/components/KisokAdminConsole.tsx:181:28 lint/nursery/useSortedClasses  FIXABLE  ━━━━━━━━━━

  ! These CSS classes should be sorted.
  
    179 │             <div className="py-5 sm:px-5 sm:first:pl-0 sm:last:pr-0" key={id}>
    180 │               <p className="font-mono text-xs text-[#a2a2a0]">{id}</p>
  > 181 │               <p className="mt-5 text-2xl font-black tracking-[-0.06em]">{amount}</p>
        │                            ^^^^^^^^^^^^^^^^^^^^^^^^^^^^^^^^^^^^^^^^^^^^^
    182 │               <p className="mt-1 text-xs uppercase tracking-[0.15em] text-[#8f8f8c]">{state}</p>
    183 │             </div>
  
  i This rule is still being actively worked on, so it may be missing features or have rough edges. Visit https://github.com/biomejs/biome/issues/1274 for more information or to report possible bugs.
  
  i This rule belongs to the nursery group, which means it is not yet stable and may change in the future. Visit https://biomejs.dev/linter/#nursery for more information.
  
  i Unsafe fix: Sort the classes.
  
    179 179 │               <div className="py-5 sm:px-5 sm:first:pl-0 sm:last:pr-0" key={id}>
    180 180 │                 <p className="font-mono text-xs text-[#a2a2a0]">{id}</p>
    181     │ - ··············<p·className="mt-5·text-2xl·font-black·tracking-[-0.06em]">{amount}</p>
        181 │ + ··············<p·className="mt-5·font-black·text-2xl·tracking-[-0.06em]">{amount}</p>
    182 182 │                 <p className="mt-1 text-xs uppercase tracking-[0.15em] text-[#8f8f8c]">{state}</p>
    183 183 │               </div>
  

src/features/dashboard-operations/components/KisokAdminConsole.tsx:182:28 lint/nursery/useSortedClasses  FIXABLE  ━━━━━━━━━━

  ! These CSS classes should be sorted.
  
    180 │               <p className="font-mono text-xs text-[#a2a2a0]">{id}</p>
    181 │               <p className="mt-5 text-2xl font-black tracking-[-0.06em]">{amount}</p>
  > 182 │               <p className="mt-1 text-xs uppercase tracking-[0.15em] text-[#8f8f8c]">{state}</p>
        │                            ^^^^^^^^^^^^^^^^^^^^^^^^^^^^^^^^^^^^^^^^^^^^^^^^^^^^^^^^^
    183 │             </div>
    184 │           ))}
  
  i This rule is still being actively worked on, so it may be missing features or have rough edges. Visit https://github.com/biomejs/biome/issues/1274 for more information or to report possible bugs.
  
  i This rule belongs to the nursery group, which means it is not yet stable and may change in the future. Visit https://biomejs.dev/linter/#nursery for more information.
  
  i Unsafe fix: Sort the classes.
  
    180 180 │                 <p className="font-mono text-xs text-[#a2a2a0]">{id}</p>
    181 181 │                 <p className="mt-5 text-2xl font-black tracking-[-0.06em]">{amount}</p>
    182     │ - ··············<p·className="mt-1·text-xs·uppercase·tracking-[0.15em]·text-[#8f8f8c]">{state}</p>
        182 │ + ··············<p·className="mt-1·text-[#8f8f8c]·text-xs·uppercase·tracking-[0.15em]">{state}</p>
    183 183 │               </div>
    184 184 │             ))}
  

src/features/dashboard-operations/components/KisokAdminConsole.tsx:194:20 lint/nursery/useSortedClasses  FIXABLE  ━━━━━━━━━━

  ! These CSS classes should be sorted.
  
    192 │   return (
    193 │     <div className="bg-[#181818] px-5 py-6">
  > 194 │       <p className="font-mono text-[10px] uppercase tracking-[0.17em] text-[#8d8d8b]">{label}</p>
        │                    ^^^^^^^^^^^^^^^^^^^^^^^^^^^^^^^^^^^^^^^^^^^^^^^^^^^^^^^^^^^^^^^^^^
    195 │       <p className="mt-3 font-black text-3xl tracking-[-0.06em] text-[#f0f0ed]">{value}</p>
    196 │     </div>
  
  i This rule is still being actively worked on, so it may be missing features or have rough edges. Visit https://github.com/biomejs/biome/issues/1274 for more information or to report possible bugs.
  
  i This rule belongs to the nursery group, which means it is not yet stable and may change in the future. Visit https://biomejs.dev/linter/#nursery for more information.
  
  i Unsafe fix: Sort the classes.
  
    192 192 │     return (
    193 193 │       <div className="bg-[#181818] px-5 py-6">
    194     │ - ······<p·className="font-mono·text-[10px]·uppercase·tracking-[0.17em]·text-[#8d8d8b]">{label}</p>
        194 │ + ······<p·className="font-mono·text-[#8d8d8b]·text-[10px]·uppercase·tracking-[0.17em]">{label}</p>
    195 195 │         <p className="mt-3 font-black text-3xl tracking-[-0.06em] text-[#f0f0ed]">{value}</p>
    196 196 │       </div>
  

src/features/dashboard-operations/components/KisokAdminConsole.tsx:195:20 lint/nursery/useSortedClasses  FIXABLE  ━━━━━━━━━━

  ! These CSS classes should be sorted.
  
    193 │     <div className="bg-[#181818] px-5 py-6">
    194 │       <p className="font-mono text-[10px] uppercase tracking-[0.17em] text-[#8d8d8b]">{label}</p>
  > 195 │       <p className="mt-3 font-black text-3xl tracking-[-0.06em] text-[#f0f0ed]">{value}</p>
        │                    ^^^^^^^^^^^^^^^^^^^^^^^^^^^^^^^^^^^^^^^^^^^^^^^^^^^^^^^^^^^^
    196 │     </div>
    197 │   );
  
  i This rule is still being actively worked on, so it may be missing features or have rough edges. Visit https://github.com/biomejs/biome/issues/1274 for more information or to report possible bugs.
  
  i This rule belongs to the nursery group, which means it is not yet stable and may change in the future. Visit https://biomejs.dev/linter/#nursery for more information.
  
  i Unsafe fix: Sort the classes.
  
    193 193 │       <div className="bg-[#181818] px-5 py-6">
    194 194 │         <p className="font-mono text-[10px] uppercase tracking-[0.17em] text-[#8d8d8b]">{label}</p>
    195     │ - ······<p·className="mt-3·font-black·text-3xl·tracking-[-0.06em]·text-[#f0f0ed]">{value}</p>
        195 │ + ······<p·className="mt-3·font-black·text-3xl·text-[#f0f0ed]·tracking-[-0.06em]">{value}</p>
    196 196 │       </div>
    197 197 │     );
  

src/features/dashboard-operations/components/KisokAdminConsole.tsx:205:22 lint/nursery/useSortedClasses  FIXABLE  ━━━━━━━━━━

  ! These CSS classes should be sorted.
  
    203 │   return (
    204 │     <section className="border border-[#292929] bg-[#181818] p-5 sm:p-7">
  > 205 │       <div className="flex flex-col justify-between gap-4 border-b border-[#303030] pb-6 sm:flex-row sm:items-end">
        │                      ^^^^^^^^^^^^^^^^^^^^^^^^^^^^^^^^^^^^^^^^^^^^^^^^^^^^^^^^^^^^^^^^^^^^^^^^^^^^^^^^^^^^^^^^^^^^^
    206 │         <div>
    207 │           <p className="font-mono text-[10px] uppercase tracking-[0.2em] text-[#969694]">
  
  i This rule is still being actively worked on, so it may be missing features or have rough edges. Visit https://github.com/biomejs/biome/issues/1274 for more information or to report possible bugs.
  
  i This rule belongs to the nursery group, which means it is not yet stable and may change in the future. Visit https://biomejs.dev/linter/#nursery for more information.
  
  i Unsafe fix: Sort the classes.
  
    203 203 │     return (
    204 204 │       <section className="border border-[#292929] bg-[#181818] p-5 sm:p-7">
    205     │ - ······<div·className="flex·flex-col·justify-between·gap-4·border-b·border-[#303030]·pb-6·sm:flex-row·sm:items-end">
        205 │ + ······<div·className="flex·flex-col·justify-between·gap-4·border-[#303030]·border-b·pb-6·sm:flex-row·sm:items-end">
    206 206 │           <div>
    207 207 │             <p className="font-mono text-[10px] uppercase tracking-[0.2em] text-[#969694]">
  

Skipped 84 suggested fixes.
If you wish to apply the suggested (unsafe) fixes, use the command biome check --write --unsafe

The number of diagnostics exceeds the limit allowed. Use --max-diagnostics to increase it.
Diagnostics not shown: 64.
Checked 117 files in 103ms. No fixes applied.
Found 84 warnings.
