
> kisok-admin-next@0.1.0 build /home/ubuntu/kisok_admin_next
> next build

▲ Next.js 16.3.3 (Turbopack)
✓ Running next.config.ts took 77ms
Attention: Next.js now collects completely anonymous telemetry regarding usage.
This information is used to shape Next.js' roadmap and prioritize features.
You can learn more, including how to opt-out if you'd not like to participate in this anonymous program, by visiting the following URL:
https://nextjs.org/telemetry


  Creating an optimized production build ...
✓ Compiled successfully in 5.3s
  Running TypeScript ...
  Finished TypeScript in 2.9s ...
  Collecting page data using 5 workers ...
  Generating static pages using 5 workers (0/6) ...
  Generating static pages using 5 workers (1/6) 
  Generating static pages using 5 workers (2/6) 
  Generating static pages using 5 workers (4/6) 
✓ Generating static pages using 5 workers (6/6) in 282ms
  Finalizing page optimization ...

Route (app)
┌ ○ /_not-found
├   /[locale]
│ └ ● /en
├ ○ /robots.txt
└ ○ /sitemap.xml


ƒ Proxy (Middleware)

○  (Static)  prerendered as static content
●  (SSG)     prerendered as static HTML (uses generateStaticParams)

