
> kisok-admin-next@0.1.0 lint /home/ubuntu/kisok_admin_next
> biome check

.project-config.json format ━━━━━━━━━━━━━━━━━━━━━━━━━━━━━━━━━━━━━━━━━━━━━━━━━━━━

  × Formatter would have printed the following content:
  
     1  1 │   {
     2  2 │     "build_command": "pnpm run build",
     3    │ - ··"capabilities":·[
     4    │ - ····"server",
     5    │ - ····"db",
     6    │ - ····"user"
     7    │ - ··],
        3 │ + ··"capabilities":·["server",·"db",·"user"],
     8  4 │     "dev_command": "pnpm run dev",
     9  5 │     "env_vars": {
    10  6 │       "DATABASE_URL": "mysql://2W9PFzZKQkkfk66.e18b5913f904:fPDcVF9J93P9Z2SRD1Us@gateway03.us-east-1.prod.aws.tidbcloud.com:4000/PJLWVfSV4bVgt5ZKTDBs9T?ssl={\"rejectUnauthorized\":true}"
    11  7 │     },
    12    │ - ··"experiments":·[
    13    │ - ····"no_db_push"
    14    │ - ··],
        8 │ + ··"experiments":·["no_db_push"],
    15  9 │     "git_remote": {
    16 10 │       "repo_url": "https://7f0548f6b28a1758d9bf7be630d36cb4.artifacts.cloudflare.net/git/prod/PJLWVfSV4bVgt5ZKTDBs9T.git",
    ····· │ 
    40 34 │     "template_id": "web-db-user",
    41 35 │     "test_command": "pnpm test"
    42    │ - }
       36 │ + }
       37 │ + 
  

next.config.ts format ━━━━━━━━━━━━━━━━━━━━━━━━━━━━━━━━━━━━━━━━━━━━━━━━━━━━━━━━━━

  × Formatter would have printed the following content:
  
     2  2 │   import createNextIntlPlugin from 'next-intl/plugin';
     3  3 │   
     4    │ - 
     5  4 │   import { isProduction } from './src/lib/config/constants';
     6  5 │   
  

src/lib/utils/http/__bundle-sentinel__/client-bundle-sentinel.tsx format ━━━━━━━━━━

  × Formatter would have printed the following content:
  
    24 24 │    */
    25 25 │   
    26    │ - import·{
    27    │ - ··createFetchClient,
    28    │ - ··fetchClient,
    29    │ - ··toSearchParams,
    30    │ - }·from·'@/lib/utils/http';
       26 │ + import·{·createFetchClient,·fetchClient,·toSearchParams·}·from·'@/lib/utils/http';
    31 27 │   
    32 28 │   // SENTINEL CHECK — uncommenting this line MUST break the build, proving
  

src/providers/RootProvider.tsx:3:1 assist/source/organizeImports  FIXABLE  ━━━━━━━━━━

  × Some imports or exports are not organized.
  
    1 │ 'use client';
    2 │ import { type AbstractIntlMessages, NextIntlClientProvider } from 'next-intl';
  > 3 │ import { CustomThemeProvider } from '@/providers';
      │ ^^^^^^^^^^^^^^^^^^^^^^^^^^^^^^^^^^^^^^^^^^^^^^^^^^
  > 4 │ import type { AppState } from '@/store';
  > 5 │ import type { SupportedLocale } from '@/types/i18n';
  > 6 │ import { StoreProvider } from './StoreProvider';
      │ ^^^^^^^^^^^^^^^^^^^^^^^^^^^^^^^^^^^^^^^^^^^^^^^^
    7 │ 
    8 │ type RootProviderProps = {
  
  i This statement ends a group that must be preceded by a blank line. Add a newline before this statement.
  
    1 │ 'use client';
    2 │ import { type AbstractIntlMessages, NextIntlClientProvider } from 'next-intl';
  > 3 │ import { CustomThemeProvider } from '@/providers';
      │ ^^^^^^^^^^^^^^^^^^^^^^^^^^^^^^^^^^^^^^^^^^^^^^^^^^
    4 │ import type { AppState } from '@/store';
    5 │ import type { SupportedLocale } from '@/types/i18n';
  
  i This statement ends a group that must be preceded by a blank line. Add a newline before this statement.
  
    4 │ import type { AppState } from '@/store';
    5 │ import type { SupportedLocale } from '@/types/i18n';
  > 6 │ import { StoreProvider } from './StoreProvider';
      │ ^^^^^^^^^^^^^^^^^^^^^^^^^^^^^^^^^^^^^^^^^^^^^^^^
    7 │ 
    8 │ type RootProviderProps = {
  
  i Safe fix: Organize imports and exports (Biome)
  
     1  1 │   'use client';
     2  2 │   import { type AbstractIntlMessages, NextIntlClientProvider } from 'next-intl';
        3 │ + 
     3  4 │   import { CustomThemeProvider } from '@/providers';
     4  5 │   import type { AppState } from '@/store';
     5  6 │   import type { SupportedLocale } from '@/types/i18n';
        7 │ + 
     6  8 │   import { StoreProvider } from './StoreProvider';
     7  9 │   
  

src/providers/RootProvider.tsx format ━━━━━━━━━━━━━━━━━━━━━━━━━━━━━━━━━━━━━━━━━━

  × Formatter would have printed the following content:
  
    14 14 │   };
    15 15 │   
    16    │ - export·const·RootProvider·=·({·children,·locale,·messages,·timeZone,·preloadedState·}:·RootProviderProps)·=>·{
       16 │ + export·const·RootProvider·=·({
       17 │ + ··children,
       18 │ + ··locale,
       19 │ + ··messages,
       20 │ + ··timeZone,
       21 │ + ··preloadedState,
       22 │ + }:·RootProviderProps)·=>·{
    17 23 │     return (
    18 24 │       <StoreProvider preloadedState={preloadedState}>
  

src/providers/StoreProvider.tsx format ━━━━━━━━━━━━━━━━━━━━━━━━━━━━━━━━━━━━━━━━━

  × Formatter would have printed the following content:
  
    23 23 │     }
    24 24 │   
    25    │ - 
    26 25 │     return (
    27 26 │       <Provider store={storeRef.current}>
  

src/store/rootReducer.ts format ━━━━━━━━━━━━━━━━━━━━━━━━━━━━━━━━━━━━━━━━━━━━━━━━

  × Formatter would have printed the following content:
  
     4  4 │   import { countPersistConfig, counterReducer as countReducer } from '@/features/counter/store';
     5  5 │   
     6    │ - 
     7  6 │   export const rootReducer = combineReducers({
     8  7 │     count: persistReducer(countPersistConfig, countReducer),
  

test/test-utils.tsx:1:1 assist/source/organizeImports  FIXABLE  ━━━━━━━━━━━━━━━━

  × Some imports or exports are not organized.
  
  > 1 │ import { type RenderOptions, render } from '@testing-library/react';
      │ ^^^^^^^^^^^^^^^^^^^^^^^^^^^^^^^^^^^^^^^^^^^^^^^^^^^^^^^^^^^^^^^^^^^^
  > 2 │ import { NextIntlClientProvider } from 'next-intl';
  > 3 │ import type { ReactElement, ReactNode } from 'react';
  > 4 │ import { Provider } from 'react-redux';
  > 5 │ import { type AppState, type AppStore, makeStore } from '@/store';
      │ ^^^^^^^^^^^^^^^^^^^^^^^^^^^^^^^^^^^^^^^^^^^^^^^^^^^^^^^^^^^^^^^^^^
    6 │ import type { SupportedLocale } from '@/types/i18n';
    7 │ 
  
  i This statement ends a group that must be preceded by a blank line. Add a newline before this statement.
  
    3 │ import type { ReactElement, ReactNode } from 'react';
    4 │ import { Provider } from 'react-redux';
  > 5 │ import { type AppState, type AppStore, makeStore } from '@/store';
      │ ^^^^^^^^^^^^^^^^^^^^^^^^^^^^^^^^^^^^^^^^^^^^^^^^^^^^^^^^^^^^^^^^^^
    6 │ import type { SupportedLocale } from '@/types/i18n';
    7 │ 
  
  i Sort these imports.
  
  > 1 │ import { type RenderOptions, render } from '@testing-library/react';
      │ ^^^^^^^^^^^^^^^^^^^^^^^^^^^^^^^^^^^^^^^^^^^^^^^^^^^^^^^^^^^^^^^^^^^^
  > 2 │ import { NextIntlClientProvider } from 'next-intl';
  > 3 │ import type { ReactElement, ReactNode } from 'react';
      │ ^^^^^^^^^^^^^^^^^^^^^^^^^^^^^^^^^^^^^^^^^^^^^^^^^^^^^
    4 │ import { Provider } from 'react-redux';
    5 │ import { type AppState, type AppStore, makeStore } from '@/store';
  
  i Safe fix: Organize imports and exports (Biome)
  
     1    │ - import·{·type·RenderOptions,·render·}·from·'@testing-library/react';
        1 │ + import·type·{·ReactElement,·ReactNode·}·from·'react';
        2 │ + 
     2  3 │   import { NextIntlClientProvider } from 'next-intl';
     3    │ - import·type·{·ReactElement,·ReactNode·}·from·'react';
        4 │ + 
        5 │ + import·{·type·RenderOptions,·render·}·from·'@testing-library/react';
     4  6 │   import { Provider } from 'react-redux';
        7 │ + 
     5  8 │   import { type AppState, type AppStore, makeStore } from '@/store';
     6  9 │   import type { SupportedLocale } from '@/types/i18n';
  

Checked 105 files in 48ms. No fixes applied.
Found 8 errors.
check ━━━━━━━━━━━━━━━━━━━━━━━━━━━━━━━━━━━━━━━━━━━━━━━━━━━━━━━━━━━━━━━━━━━━━━━━━━

  × Some errors were emitted while running checks.
  

 ELIFECYCLE  Command failed with exit code 1.
