 WARN  Unsupported engine: wanted: {"node":">=24.0.0"} (current: {"node":"v22.13.0","pnpm":"10.4.1"})
Progress: resolved 1, reused 0, downloaded 0, added 0
 WARN  deprecated @testing-library/jest-dom@6.10.0: Incorrect minor release with breaking changes (Node >=22 and required @testing-library/dom peer). Use 6.9.1 for the 6.x line, or upgrade to 7.0.0.
Progress: resolved 36, reused 0, downloaded 35, added 0
Progress: resolved 152, reused 5, downloaded 127, added 0
Progress: resolved 230, reused 12, downloaded 178, added 0
Progress: resolved 432, reused 26, downloaded 275, added 0
 WARN  3 deprecated subdependencies found: crypto-js@4.2.0, glob@7.2.3, inflight@1.0.6
Packages: +398
++++++++++++++++++++++++++++++++++++++++++++++++++++++++++++++++++++++++++++++++
Progress: resolved 520, reused 31, downloaded 369, added 398, done

dependencies:
+ @reduxjs/toolkit 2.12.0
+ @teispace/env 0.2.4 (1.0.0 is available)
+ @teispace/next-themes 2.0.4 (3.0.0 is available)
+ next 16.3.3
+ next-intl 4.13.7
+ pino 10.3.1
+ react 19.2.8
+ react-dom 19.2.8
+ react-redux 9.3.0
+ react-secure-storage 1.3.2
+ redux 5.0.1
+ redux-persist 6.0.0
+ server-only 0.0.1
+ zod 4.4.3

devDependencies:
+ @biomejs/biome 2.5.10
+ @commitlint/cli 21.2.2
+ @commitlint/config-conventional 21.2.2
+ @tailwindcss/postcss 4.3.3
+ @testing-library/dom 10.4.1
+ @testing-library/jest-dom 6.10.0 (7.0.1 is available) deprecated
+ @testing-library/react 16.3.2
+ @testing-library/user-event 14.6.6
+ @types/node 26.3.0
+ @types/react 19.2.18
+ @types/react-dom 19.2.5
+ babel-plugin-react-compiler 1.0.0
+ commitizen 4.3.2
+ cz-conventional-changelog 3.3.0
+ husky 9.1.7
+ jsdom 29.1.1 (30.0.1 is available)
+ lint-staged 17.3.0
+ pino-pretty 13.1.3
+ tailwindcss 4.3.3
+ tsx 4.23.12
+ typescript 6.0.3 (7.0.2 is available)
+ vitest 4.1.11

Done in 6.1s using pnpm v10.4.1
