
> kisok-admin-next@0.1.0 type-check /home/ubuntu/kisok_admin_next
> tsc --noEmit

